ARM Linker, 5.02 [Build 28] [MDK-ARM Standard]

==============================================================================

Section Cross References

    main.o(.text) refers to usart.o(.text) for uart_init
    main.o(.text) refers to delay.o(.text) for systick_init
    main.o(.text) refers to sys.o(.text) for NVIC_Configuration
    main.o(.text) refers to ultrasonicwave.o(.text) for UltrasonicWave_Configuration
    main.o(.text) refers to timer.o(.text) for Timerx_Init
    main.o(.text) refers to hongwai.o(.text) for HONGWAI_Init
    main.o(.text) refers to led.o(.text) for LED_Init
    main.o(.text) refers to lcd.o(.text) for LCD_Init
    main.o(.text) refers to key.o(.text) for KEY_Init
    main.o(.text) refers to tsensor.o(.text) for T_Adc_Init
    main.o(.text) refers to beep.o(.text) for BEEP_Init
    main.o(.text) refers to dht11.o(.text) for DHT11_Init
    main.o(.text) refers to incline.o(.text) for INCLINE_Init
    main.o(.text) refers to shake.o(.text) for SHAKE_Init
    main.o(.text) refers to tpad.o(.text) for TPAD_Init
    main.o(.text) refers to remote.o(.text) for Remote_Init
    main.o(.text) refers to lcd.o(.data) for POINT_COLOR
    main.o(.text) refers to delay.o(.data) for Systime_sec
    system_stm32f10x.o(.text) refers to system_stm32f10x.o(.data) for SystemCoreClock
    led.o(.text) refers to stm32f10x_rcc.o(.text) for RCC_APB2PeriphClockCmd
    led.o(.text) refers to stm32f10x_gpio.o(.text) for GPIO_Init
    key.o(.text) refers to stm32f10x_rcc.o(.text) for RCC_APB2PeriphClockCmd
    key.o(.text) refers to stm32f10x_gpio.o(.text) for GPIO_Init
    key.o(.text) refers to delay.o(.text) for delay_ms
    key.o(.text) refers to key.o(.data) for key_up
    beep.o(.text) refers to stm32f10x_rcc.o(.text) for RCC_APB2PeriphClockCmd
    beep.o(.text) refers to stm32f10x_gpio.o(.text) for GPIO_Init
    beep.o(.text) refers to delay.o(.text) for delay_ms
    lcd.o(.text) refers to delay.o(.text) for delay_us
    lcd.o(.text) refers to lcd.o(.bss) for lcddev
    lcd.o(.text) refers to lcd.o(.data) for POINT_COLOR
    lcd.o(.text) refers to stm32f10x_rcc.o(.text) for RCC_AHBPeriphClockCmd
    lcd.o(.text) refers to stm32f10x_gpio.o(.text) for GPIO_Init
    lcd.o(.text) refers to stm32f10x_fsmc.o(.text) for FSMC_NORSRAMInit
    lcd.o(.text) refers to printf5.o(i.__0printf$5) for __2printf
    lcd.o(.text) refers to lcd.o(.constdata) for asc2_1206
    adc.o(.text) refers to stm32f10x_rcc.o(.text) for RCC_APB2PeriphClockCmd
    adc.o(.text) refers to stm32f10x_gpio.o(.text) for GPIO_Init
    adc.o(.text) refers to stm32f10x_adc.o(.text) for ADC_DeInit
    adc.o(.text) refers to delay.o(.text) for delay_ms
    tsensor.o(.text) refers to stm32f10x_rcc.o(.text) for RCC_APB2PeriphClockCmd
    tsensor.o(.text) refers to stm32f10x_adc.o(.text) for ADC_DeInit
    tsensor.o(.text) refers to delay.o(.text) for delay_ms
    dht11.o(.text) refers to delay.o(.text) for delay_ms
    dht11.o(.text) refers to stm32f10x_rcc.o(.text) for RCC_APB2PeriphClockCmd
    dht11.o(.text) refers to stm32f10x_gpio.o(.text) for GPIO_Init
    tpad.o(.text) refers to delay.o(.text) for delay_ms
    tpad.o(.text) refers to lcd.o(.text) for LCD_Init
    tpad.o(.text) refers to printf5.o(i.__0printf$5) for __2printf
    tpad.o(.text) refers to lcd.o(.data) for POINT_COLOR
    tpad.o(.text) refers to tpad.o(.data) for tpad_default_val
    ultrasonicwave.o(.text) refers to stm32f10x_gpio.o(.text) for GPIO_PinRemapConfig
    ultrasonicwave.o(.text) refers to stm32f10x_rcc.o(.text) for RCC_APB2PeriphClockCmd
    ultrasonicwave.o(.text) refers to stm32f10x_exti.o(.text) for EXTI_Init
    ultrasonicwave.o(.text) refers to misc.o(.text) for NVIC_Init
    ultrasonicwave.o(.text) refers to delay.o(.text) for delay_us
    timer.o(.text) refers to stm32f10x_rcc.o(.text) for RCC_APB1PeriphClockCmd
    timer.o(.text) refers to stm32f10x_tim.o(.text) for TIM_TimeBaseInit
    timer.o(.text) refers to misc.o(.text) for NVIC_Init
    hongwai.o(.text) refers to stm32f10x_rcc.o(.text) for RCC_APB2PeriphClockCmd
    hongwai.o(.text) refers to stm32f10x_gpio.o(.text) for GPIO_Init
    hongwai.o(.text) refers to stm32f10x_exti.o(.text) for EXTI_Init
    hongwai.o(.text) refers to misc.o(.text) for NVIC_Init
    hongwai.o(.text) refers to beep.o(.text) for BEEP1
    incline.o(.text) refers to stm32f10x_rcc.o(.text) for RCC_APB2PeriphClockCmd
    incline.o(.text) refers to stm32f10x_gpio.o(.text) for GPIO_Init
    incline.o(.text) refers to stm32f10x_exti.o(.text) for EXTI_Init
    incline.o(.text) refers to misc.o(.text) for NVIC_Init
    incline.o(.text) refers to beep.o(.text) for BEEP1
    incline.o(.text) refers to lcd.o(.text) for LCD_ShowString
    incline.o(.text) refers to delay.o(.text) for delay_ms
    shake.o(.text) refers to stm32f10x_rcc.o(.text) for RCC_APB2PeriphClockCmd
    shake.o(.text) refers to stm32f10x_gpio.o(.text) for GPIO_Init
    shake.o(.text) refers to stm32f10x_exti.o(.text) for EXTI_Init
[...]
    startup_stm32f10x_hd.o(RESET) refers to hongwai.o(.text) for EXTI1_IRQHandler
    startup_stm32f10x_hd.o(RESET) refers to incline.o(.text) for EXTI2_IRQHandler
    startup_stm32f10x_hd.o(RESET) refers to ultrasonicwave.o(.text) for EXTI3_IRQHandler
    startup_stm32f10x_hd.o(RESET) refers to shake.o(.text) for EXTI4_IRQHandler
    startup_stm32f10x_hd.o(RESET) refers to timer.o(.text) for TIM2_IRQHandler
    startup_stm32f10x_hd.o(RESET) refers to remote.o(.text) for TIM4_IRQHandler
    startup_stm32f10x_hd.o(RESET) refers to usart.o(.text) for USART1_IRQHandler
    startup_stm32f10x_hd.o(.text) refers to system_stm32f10x.o(.text) for SystemInit
    startup_stm32f10x_hd.o(.text) refers to entry.o(.ARM.Collect$$$$00000000) for __main
    stm32f10x_gpio.o(.text) refers to stm32f10x_rcc.o(.text) for RCC_APB2PeriphResetCmd
    stm32f10x_rcc.o(.text) refers to stm32f10x_rcc.o(.data) for APBAHBPrescTable
    stm32f10x_usart.o(.text) refers to stm32f10x_rcc.o(.text) for RCC_APB2PeriphResetCmd
    stm32f10x_adc.o(.text) refers to stm32f10x_rcc.o(.text) for RCC_APB2PeriphResetCmd
    stm32f10x_bkp.o(.text) refers to stm32f10x_rcc.o(.text) for RCC_BackupResetCmd
    stm32f10x_can.o(.text) refers to stm32f10x_rcc.o(.text) for RCC_APB1PeriphResetCmd
    stm32f10x_cec.o(.text) refers to stm32f10x_rcc.o(.text) for RCC_APB1PeriphResetCmd
    stm32f10x_dac.o(.text) refers to stm32f10x_rcc.o(.text) for RCC_APB1PeriphResetCmd
    stm32f10x_i2c.o(.text) refers to stm32f10x_rcc.o(.text) for RCC_APB1PeriphResetCmd
    stm32f10x_pwr.o(.text) refers to stm32f10x_rcc.o(.text) for RCC_APB1PeriphResetCmd
    stm32f10x_spi.o(.text) refers to stm32f10x_rcc.o(.text) for RCC_APB2PeriphResetCmd
    stm32f10x_tim.o(.text) refers to stm32f10x_rcc.o(.text) for RCC_APB2PeriphResetCmd
    stm32f10x_wwdg.o(.text) refers to stm32f10x_rcc.o(.text) for RCC_APB1PeriphResetCmd
    entry.o(.ARM.Collect$$$$00000000) refers (Special) to entry7b.o(.ARM.Collect$$$$00000008) for _main_clock
    entry.o(.ARM.Collect$$$$00000000) refers (Special) to entry8.o(.ARM.Collect$$$$00000009) for _main_init
    entry.o(.ARM.Collect$$$$00000000) refers (Special) to entry5.o(.ARM.Collect$$$$00000004) for _main_scatterload
    entry.o(.ARM.Collect$$$$00000000) refers (Special) to entry2.o(.ARM.Collect$$$$00000001) for _main_stk
    printfb.o(i.__0fprintf$bare) refers to printfb.o(i._printf_core) for _printf_core
    printfb.o(i.__0fprintf$bare) refers to usart.o(.text) for fputc
    printfb.o(i.__0printf$bare) refers to printfb.o(i._printf_core) for _printf_core
    printfb.o(i.__0printf$bare) refers to usart.o(.text) for fputc
    printfb.o(i.__0printf$bare) refers to usart.o(.data) for __stdout
    printfb.o(i.__0snprintf$bare) refers to printfb.o(i._printf_core) for _printf_core
    printfb.o(i.__0snprintf$bare) refers to printfb.o(i._snputc) for _snputc
    printfb.o(i.__0sprintf$bare) refers to printfb.o(i._printf_core) for _printf_core
    printfb.o(i.__0sprintf$bare) refers to printfb.o(i._sputc) for _sputc
    printfb.o(i.__0vfprintf$bare) refers to printfb.o(i._printf_core) for _printf_core
    printfb.o(i.__0vfprintf$bare) refers to usart.o(.text) for fputc
    printfb.o(i.__0vprintf$bare) refers to printfb.o(i._printf_core) for _printf_core
    printfb.o(i.__0vprintf$bare) refers to usart.o(.text) for fputc
    printfb.o(i.__0vprintf$bare) refers to usart.o(.data) for __stdout
    printfb.o(i.__0vsnprintf$bare) refers to printfb.o(i._printf_core) for _printf_core
    printfb.o(i.__0vsnprintf$bare) refers to printfb.o(i._snputc) for _snputc
    printfb.o(i.__0vsprintf$bare) refers to printfb.o(i._printf_core) for _printf_core
    printfb.o(i.__0vsprintf$bare) refers to printfb.o(i._sputc) for _sputc
    printf0.o(i.__0fprintf$0) refers to printf0.o(i._printf_core) for _printf_core
    printf0.o(i.__0fprintf$0) refers to usart.o(.text) for fputc
    printf0.o(i.__0printf$0) refers to printf0.o(i._printf_core) for _printf_core
    printf0.o(i.__0printf$0) refers to usart.o(.text) for fputc
    printf0.o(i.__0printf$0) refers to usart.o(.data) for __stdout
    printf0.o(i.__0snprintf$0) refers to printf0.o(i._printf_core) for _printf_core
    printf0.o(i.__0snprintf$0) refers to printf0.o(i._snputc) for _snputc
    printf0.o(i.__0sprintf$0) refers to printf0.o(i._printf_core) for _printf_core
    printf0.o(i.__0sprintf$0) refers to printf0.o(i._sputc) for _sputc
    printf0.o(i.__0vfprintf$0) refers to printf0.o(i._printf_core) for _printf_core
    printf0.o(i.__0vfprintf$0) refers to usart.o(.text) for fputc
    printf0.o(i.__0vprintf$0) refers to printf0.o(i._printf_core) for _printf_core
    printf0.o(i.__0vprintf$0) refers to usart.o(.text) for fputc
    printf0.o(i.__0vprintf$0) refers to usart.o(.data) for __stdout
    printf0.o(i.__0vsnprintf$0) refers to printf0.o(i._printf_core) for _printf_core
    printf0.o(i.__0vsnprintf$0) refers to printf0.o(i._snputc) for _snputc
    printf0.o(i.__0vsprintf$0) refers to printf0.o(i._printf_core) for _printf_core
    printf0.o(i.__0vsprintf$0) refers to printf0.o(i._sputc) for _sputc
    printf1.o(i.__0fprintf$1) refers to printf1.o(i._printf_core) for _printf_core
    printf1.o(i.__0fprintf$1) refers to usart.o(.text) for fputc
    printf1.o(i.__0printf$1) refers to printf1.o(i._printf_core) for _printf_core
    printf1.o(i.__0printf$1) refers to usart.o(.text) for fputc
    printf1.o(i.__0printf$1) refers to usart.o(.data) for __stdout
    printf1.o(i.__0snprintf$1) refers to printf1.o(i._printf_core) for _printf_core
    printf1.o(i.__0snprintf$1) refers to printf1.o(i._snputc) for _snputc
    printf1.o(i.__0sprintf$1) refers to printf1.o(i._printf_core) for _printf_core
    printf1.o(i.__0sprintf$1) refers to printf1.o(i._sputc) for _sputc
    printf1.o(i.__0vfprintf$1) refers to printf1.o(i._printf_core) for _printf_core
    printf1.o(i.__0vfprintf$1) refers to usart.o(.text) for fputc
    printf1.o(i.__0vprintf$1) refers to printf1.o(i._printf_core) for _printf_core
    printf1.o(i.__0vprintf$1) refers to usart.o(.text) for fputc
    printf1.o(i.__0vprintf$1) refers to usart.o(.data) for __stdout
    printf1.o(i.__0vsnprintf$1) refers to printf1.o(i._printf_core) for _printf_core
    printf1.o(i.__0vsnprintf$1) refers to printf1.o(i._snputc) for _snputc
    printf1.o(i.__0vsprintf$1) refers to printf1.o(i._printf_core) for _printf_core
    printf1.o(i.__0vsprintf$1) refers to printf1.o(i._sputc) for _sputc
    printf1.o(i._printf_core) refers to uidiv.o(.text) for __aeabi_uidivmod
    printf2.o(i.__0fprintf$2) refers to printf2.o(i._printf_core) for _printf_core
    printf2.o(i.__0fprintf$2) refers to usart.o(.text) for fputc
    printf2.o(i.__0printf$2) refers to printf2.o(i._printf_core) for _printf_core
    printf2.o(i.__0printf$2) refers to usart.o(.text) for fputc
    printf2.o(i.__0printf$2) refers to usart.o(.data) for __stdout
    printf2.o(i.__0snprintf$2) refers to printf2.o(i._printf_core) for _printf_core
    printf2.o(i.__0snprintf$2) refers to printf2.o(i._snputc) for _snputc
    printf2.o(i.__0sprintf$2) refers to printf2.o(i._printf_core) for _printf_core
    printf2.o(i.__0sprintf$2) refers to printf2.o(i._sputc) for _sputc
    printf2.o(i.__0vfprintf$2) refers to printf2.o(i._printf_core) for _printf_core
    printf2.o(i.__0vfprintf$2) refers to usart.o(.text) for fputc
    printf2.o(i.__0vprintf$2) refers to printf2.o(i._printf_core) for _printf_core
    printf2.o(i.__0vprintf$2) refers to usart.o(.text) for fputc
    printf2.o(i.__0vprintf$2) refers to usart.o(.data) for __stdout
    printf2.o(i.__0vsnprintf$2) refers to printf2.o(i._printf_core) for _printf_core
    printf2.o(i.__0vsnprintf$2) refers to printf2.o(i._snputc) for _snputc
    printf2.o(i.__0vsprintf$2) refers to printf2.o(i._printf_core) for _printf_core
    printf2.o(i.__0vsprintf$2) refers to printf2.o(i._sputc) for _sputc
    printf3.o(i.__0fprintf$3) refers to printf3.o(i._printf_core) for _printf_core
    printf3.o(i.__0fprintf$3) refers to usart.o(.text) for fputc
    printf3.o(i.__0printf$3) refers to printf3.o(i._printf_core) for _printf_core
    printf3.o(i.__0printf$3) refers to usart.o(.text) for fputc
    printf3.o(i.__0printf$3) refers to usart.o(.data) for __stdout
    printf3.o(i.__0snprintf$3) refers to printf3.o(i._printf_core) for _printf_core
    printf3.o(i.__0snprintf$3) refers to printf3.o(i._snputc) for _snputc
    printf3.o(i.__0sprintf$3) refers to printf3.o(i._printf_core) for _printf_core
    printf3.o(i.__0sprintf$3) refers to printf3.o(i._sputc) for _sputc
    printf3.o(i.__0vfprintf$3) refers to printf3.o(i._printf_core) for _printf_core
    printf3.o(i.__0vfprintf$3) refers to usart.o(.text) for fputc
    printf3.o(i.__0vprintf$3) refers to printf3.o(i._printf_core) for _printf_core
    printf3.o(i.__0vprintf$3) refers to usart.o(.text) for fputc
    printf3.o(i.__0vprintf$3) refers to usart.o(.data) for __stdout
    printf3.o(i.__0vsnprintf$3) refers to printf3.o(i._printf_core) for _printf_core
    printf3.o(i.__0vsnprintf$3) refers to printf3.o(i._snputc) for _snputc
    printf3.o(i.__0vsprintf$3) refers to printf3.o(i._printf_core) for _printf_core
    printf3.o(i.__0vsprintf$3) refers to printf3.o(i._sputc) for _sputc
    printf3.o(i._printf_core) refers to uidiv.o(.text) for __aeabi_uidivmod
    printf4.o(i.__0fprintf$4) refers to printf4.o(i._printf_core) for _printf_core
    printf4.o(i.__0fprintf$4) refers to usart.o(.text) for fputc
    printf4.o(i.__0printf$4) refers to printf4.o(i._printf_core) for _printf_core
    printf4.o(i.__0printf$4) refers to usart.o(.text) for fputc
    printf4.o(i.__0printf$4) refers to usart.o(.data) for __stdout
    printf4.o(i.__0snprintf$4) refers to printf4.o(i._printf_core) for _printf_core
    printf4.o(i.__0snprintf$4) refers to printf4.o(i._snputc) for _snputc
    printf4.o(i.__0sprintf$4) refers to printf4.o(i._printf_core) for _printf_core
    printf4.o(i.__0sprintf$4) refers to printf4.o(i._sputc) for _sputc
    printf4.o(i.__0vfprintf$4) refers to printf4.o(i._printf_core) for _printf_core
    printf4.o(i.__0vfprintf$4) refers to usart.o(.text) for fputc
    printf4.o(i.__0vprintf$4) refers to printf4.o(i._printf_core) for _printf_core
    printf4.o(i.__0vprintf$4) refers to usart.o(.text) for fputc
    printf4.o(i.__0vprintf$4) refers to usart.o(.data) for __stdout
    printf4.o(i.__0vsnprintf$4) refers to printf4.o(i._printf_core) for _printf_core
    printf4.o(i.__0vsnprintf$4) refers to printf4.o(i._snputc) for _snputc
    printf4.o(i.__0vsprintf$4) refers to printf4.o(i._printf_core) for _printf_core
    printf4.o(i.__0vsprintf$4) refers to printf4.o(i._sputc) for _sputc
    printf4.o(i._printf_core) refers to uldiv.o(.text) for __aeabi_uldivmod
    printf5.o(i.__0fprintf$5) refers to printf5.o(i._printf_core) for _printf_core
    printf5.o(i.__0fprintf$5) refers to usart.o(.text) for fputc
    printf5.o(i.__0printf$5) refers to printf5.o(i._printf_core) for _printf_core
    printf5.o(i.__0printf$5) refers to usart.o(.text) for fputc
    printf5.o(i.__0printf$5) refers to usart.o(.data) for __stdout
    printf5.o(i.__0snprintf$5) refers to printf5.o(i._printf_core) for _printf_core
    printf5.o(i.__0snprintf$5) refers to printf5.o(i._snputc) for _snputc
    printf5.o(i.__0sprintf$5) refers to printf5.o(i._printf_core) for _printf_core
    printf5.o(i.__0sprintf$5) refers to printf5.o(i._sputc) for _sputc
    printf5.o(i.__0vfprintf$5) refers to printf5.o(i._printf_core) for _printf_core
    printf5.o(i.__0vfprintf$5) refers to usart.o(.text) for fputc
    printf5.o(i.__0vprintf$5) refers to printf5.o(i._printf_core) for _printf_core
    printf5.o(i.__0vprintf$5) refers to usart.o(.text) for fputc
    printf5.o(i.__0vprintf$5) refers to usart.o(.data) for __stdout
    printf5.o(i.__0vsnprintf$5) refers to printf5.o(i._printf_core) for _printf_core
    printf5.o(i.__0vsnprintf$5) refers to printf5.o(i._snputc) for _snputc
    printf5.o(i.__0vsprintf$5) refers to printf5.o(i._printf_core) for _printf_core
    printf5.o(i.__0vsprintf$5) refers to printf5.o(i._sputc) for _sputc
    printf5.o(i._printf_core) refers to uldiv.o(.text) for __aeabi_uldivmod
    printf6.o(i.__0fprintf$6) refers to printf6.o(i._printf_core) for _printf_core
    printf6.o(i.__0fprintf$6) refers to usart.o(.text) for fputc
    printf6.o(i.__0printf$6) refers to printf6.o(i._printf_core) for _printf_core
    printf6.o(i.__0printf$6) refers to usart.o(.text) for fputc
    printf6.o(i.__0printf$6) refers to usart.o(.data) for __stdout
    printf6.o(i.__0snprintf$6) refers to printf6.o(i._printf_core) for _printf_core
    printf6.o(i.__0snprintf$6) refers to printf6.o(i._snputc) for _snputc
    printf6.o(i.__0sprintf$6) refers to printf6.o(i._printf_core) for _printf_core
    printf6.o(i.__0sprintf$6) refers to printf6.o(i._sputc) for _sputc
    printf6.o(i.__0vfprintf$6) refers to printf6.o(i._printf_core) for _printf_core
    printf6.o(i.__0vfprintf$6) refers to usart.o(.text) for fputc
    printf6.o(i.__0vprintf$6) refers to printf6.o(i._printf_core) for _printf_core
    printf6.o(i.__0vprintf$6) refers to usart.o(.text) for fputc
    printf6.o(i.__0vprintf$6) refers to usart.o(.data) for __stdout
    printf6.o(i.__0vsnprintf$6) refers to printf6.o(i._printf_core) for _printf_core
    printf6.o(i.__0vsnprintf$6) refers to printf6.o(i._snputc) for _snputc
    printf6.o(i.__0vsprintf$6) refers to printf6.o(i._printf_core) for _printf_core
    printf6.o(i.__0vsprintf$6) refers to printf6.o(i._sputc) for _sputc
    printf6.o(i._printf_core) refers to printf6.o(i._printf_pre_padding) for _printf_pre_padding
    printf6.o(i._printf_core) refers to uidiv.o(.text) for __aeabi_uidivmod
    printf6.o(i._printf_core) refers to printf6.o(i._printf_post_padding) for _printf_post_padding
    printf7.o(i.__0fprintf$7) refers to printf7.o(i._printf_core) for _printf_core
    printf7.o(i.__0fprintf$7) refers to usart.o(.text) for fputc
    printf7.o(i.__0printf$7) refers to printf7.o(i._printf_core) for _printf_core
    printf7.o(i.__0printf$7) refers to usart.o(.text) for fputc
    printf7.o(i.__0printf$7) refers to usart.o(.data) for __stdout
    printf7.o(i.__0snprintf$7) refers to printf7.o(i._printf_core) for _printf_core
    printf7.o(i.__0snprintf$7) refers to printf7.o(i._snputc) for _snputc
    printf7.o(i.__0sprintf$7) refers to printf7.o(i._printf_core) for _printf_core
    printf7.o(i.__0sprintf$7) refers to printf7.o(i._sputc) for _sputc
    printf7.o(i.__0vfprintf$7) refers to printf7.o(i._printf_core) for _printf_core
    printf7.o(i.__0vfprintf$7) refers to usart.o(.text) for fputc
    printf7.o(i.__0vprintf$7) refers to printf7.o(i._printf_core) for _printf_core
    printf7.o(i.__0vprintf$7) refers to usart.o(.text) for fputc
    printf7.o(i.__0vprintf$7) refers to usart.o(.data) for __stdout
    printf7.o(i.__0vsnprintf$7) refers to printf7.o(i._printf_core) for _printf_core
    printf7.o(i.__0vsnprintf$7) refers to printf7.o(i._snputc) for _snputc
    printf7.o(i.__0vsprintf$7) refers to printf7.o(i._printf_core) for _printf_core
    printf7.o(i.__0vsprintf$7) refers to printf7.o(i._sputc) for _sputc
    printf7.o(i._printf_core) refers to printf7.o(i._printf_pre_padding) for _printf_pre_padding
    printf7.o(i._printf_core) refers to uldiv.o(.text) for __aeabi_uldivmod
    printf7.o(i._printf_core) refers to printf7.o(i._printf_post_padding) for _printf_post_padding
    printf8.o(i.__0fprintf$8) refers to printf8.o(i._printf_core) for _printf_core
    printf8.o(i.__0fprintf$8) refers to usart.o(.text) for fputc
    printf8.o(i.__0printf$8) refers to printf8.o(i._printf_core) for _printf_core
    printf8.o(i.__0printf$8) refers to usart.o(.text) for fputc
    printf8.o(i.__0printf$8) refers to usart.o(.data) for __stdout
    printf8.o(i.__0snprintf$8) refers to printf8.o(i._printf_core) for _printf_core
    printf8.o(i.__0snprintf$8) refers to printf8.o(i._snputc) for _snputc
    printf8.o(i.__0sprintf$8) refers to printf8.o(i._printf_core) for _printf_core
    printf8.o(i.__0sprintf$8) refers to printf8.o(i._sputc) for _sputc
    printf8.o(i.__0vfprintf$8) refers to printf8.o(i._printf_core) for _printf_core
    printf8.o(i.__0vfprintf$8) refers to usart.o(.text) for fputc
    printf8.o(i.__0vprintf$8) refers to printf8.o(i._printf_core) for _printf_core
    printf8.o(i.__0vprintf$8) refers to usart.o(.text) for fputc
    printf8.o(i.__0vprintf$8) refers to usart.o(.data) for __stdout
    printf8.o(i.__0vsnprintf$8) refers to printf8.o(i._printf_core) for _printf_core
    printf8.o(i.__0vsnprintf$8) refers to printf8.o(i._snputc) for _snputc
    printf8.o(i.__0vsprintf$8) refers to printf8.o(i._printf_core) for _printf_core
    printf8.o(i.__0vsprintf$8) refers to printf8.o(i._sputc) for _sputc
    printf8.o(i._printf_core) refers to printf8.o(i._printf_pre_padding) for _printf_pre_padding
    printf8.o(i._printf_core) refers to uldiv.o(.text) for __aeabi_uldivmod
    printf8.o(i._printf_core) refers to printf8.o(i._printf_post_padding) for _printf_post_padding
    printfa.o(i.__0fprintf) refers (Special) to iusefp.o(.text) for __I$use$fp
    printfa.o(i.__0fprintf) refers to printfa.o(i._printf_core) for _printf_core
    printfa.o(i.__0fprintf) refers to usart.o(.text) for fputc
    printfa.o(i.__0printf) refers (Special) to iusefp.o(.text) for __I$use$fp
    printfa.o(i.__0printf) refers to printfa.o(i._printf_core) for _printf_core
    printfa.o(i.__0printf) refers to usart.o(.text) for fputc
    printfa.o(i.__0printf) refers to usart.o(.data) for __stdout
    printfa.o(i.__0snprintf) refers (Special) to iusefp.o(.text) for __I$use$fp
    printfa.o(i.__0snprintf) refers to printfa.o(i._printf_core) for _printf_core
    printfa.o(i.__0snprintf) refers to printfa.o(i._snputc) for _snputc
    printfa.o(i.__0sprintf) refers (Special) to iusefp.o(.text) for __I$use$fp
    printfa.o(i.__0sprintf) refers to printfa.o(i._printf_core) for _printf_core
    printfa.o(i.__0sprintf) refers to printfa.o(i._sputc) for _sputc
    printfa.o(i.__0vfprintf) refers (Special) to iusefp.o(.text) for __I$use$fp
    printfa.o(i.__0vfprintf) refers to printfa.o(i._printf_core) for _printf_core
    printfa.o(i.__0vfprintf) refers to usart.o(.text) for fputc
    printfa.o(i.__0vprintf) refers (Special) to iusefp.o(.text) for __I$use$fp
    printfa.o(i.__0vprintf) refers to printfa.o(i._printf_core) for _printf_core
    printfa.o(i.__0vprintf) refers to usart.o(.text) for fputc
    printfa.o(i.__0vprintf) refers to usart.o(.data) for __stdout
    printfa.o(i.__0vsnprintf) refers (Special) to iusefp.o(.text) for __I$use$fp
    printfa.o(i.__0vsnprintf) refers to printfa.o(i._printf_core) for _printf_core
    printfa.o(i.__0vsnprintf) refers to printfa.o(i._snputc) for _snputc
    printfa.o(i.__0vsprintf) refers (Special) to iusefp.o(.text) for __I$use$fp
    printfa.o(i.__0vsprintf) refers to printfa.o(i._printf_core) for _printf_core
    printfa.o(i.__0vsprintf) refers to printfa.o(i._sputc) for _sputc
    printfa.o(i._fp_digits) refers (Special) to iusefp.o(.text) for __I$use$fp
    printfa.o(i._fp_digits) refers to dmul.o(.text) for __aeabi_dmul
    printfa.o(i._fp_digits) refers to ddiv.o(.text) for __aeabi_ddiv
    printfa.o(i._fp_digits) refers to cdrcmple.o(.text) for __aeabi_cdrcmple
    printfa.o(i._fp_digits) refers to dadd.o(.text) for __aeabi_dadd
    printfa.o(i._fp_digits) refers to dfixul.o(.text) for __aeabi_d2ulz
    printfa.o(i._fp_digits) refers to uldiv.o(.text) for __aeabi_uldivmod
    printfa.o(i._printf_core) refers (Special) to iusefp.o(.text) for __I$use$fp
    printfa.o(i._printf_core) refers to printfa.o(i._printf_pre_padding) for _printf_pre_padding
    printfa.o(i._printf_core) refers to uldiv.o(.text) for __aeabi_uldivmod
    printfa.o(i._printf_core) refers to printfa.o(i._printf_post_padding) for _printf_post_padding
    printfa.o(i._printf_core) refers to printfa.o(i._fp_digits) for _fp_digits
    printfa.o(i._printf_core) refers to uidiv.o(.text) for __aeabi_uidivmod
    printfa.o(i._printf_post_padding) refers (Special) to iusefp.o(.text) for __I$use$fp
    printfa.o(i._printf_pre_padding) refers (Special) to iusefp.o(.text) for __I$use$fp
    printfa.o(i._snputc) refers (Special) to iusefp.o(.text) for __I$use$fp
    printfa.o(i._sputc) refers (Special) to iusefp.o(.text) for __I$use$fp
    entry2.o(.ARM.Collect$$$$00000001) refers to entry2.o(.ARM.Collect$$$$00002712) for __lit__00000000
    entry2.o(.ARM.Collect$$$$00002712) refers to startup_stm32f10x_hd.o(STACK) for __initial_sp
    entry2.o(__vectab_stack_and_reset_area) refers to startup_stm32f10x_hd.o(STACK) for __initial_sp
    entry2.o(__vectab_stack_and_reset_area) refers to entry.o(.ARM.Collect$$$$00000000) for __main
    entry5.o(.ARM.Collect$$$$00000004) refers to init.o(.text) for __scatterload
    entry8.o(.ARM.Collect$$$$00000009) refers to main.o(.text) for main
    uldiv.o(.text) refers to llushr.o(.text) for __aeabi_llsr
    uldiv.o(.text) refers to llshl.o(.text) for __aeabi_llsl
    dadd.o(.text) refers to llshl.o(.text) for __aeabi_llsl
    dadd.o(.text) refers to llsshr.o(.text) for __aeabi_lasr
    dadd.o(.text) refers to depilogue.o(.text) for _double_epilogue
    dmul.o(.text) refers to depilogue.o(.text) for _double_epilogue
    ddiv.o(.text) refers to depilogue.o(.text) for _double_round
    dfixul.o(.text) refers to llushr.o(.text) for __aeabi_llsr
    dfixul.o(.text) refers to llshl.o(.text) for __aeabi_llsl
    init.o(.text) refers to entry5.o(.ARM.Collect$$$$00000004) for __main_after_scatterload
    depilogue.o(.text) refers to llshl.o(.text) for __aeabi_llsl
    depilogue.o(.text) refers to llushr.o(.text) for __aeabi_llsr


==============================================================================

Removing Unused input sections from the image.

    Removing adc.o(.text), (260 bytes).
    Removing ultrasonicwave.o(.data), (12 bytes).
    Removing core_cm3.o(.emb_text), (32 bytes).
    Removing startup_stm32f10x_hd.o(HEAP), (512 bytes).
    Removing stm32f10x_bkp.o(.text), (172 bytes).
    Removing stm32f10x_can.o(.text), (2540 bytes).
    Removing stm32f10x_cec.o(.text), (288 bytes).
    Removing stm32f10x_crc.o(.text), (72 bytes).
    Removing stm32f10x_dac.o(.text), (360 bytes).
    Removing stm32f10x_dbgmcu.o(.text), (48 bytes).
    Removing stm32f10x_dma.o(.text), (592 bytes).
    Removing stm32f10x_flash.o(.text), (1460 bytes).
    Removing stm32f10x_i2c.o(.text), (1004 bytes).
    Removing stm32f10x_iwdg.o(.text), (64 bytes).
    Removing stm32f10x_pwr.o(.text), (204 bytes).
    Removing stm32f10x_rtc.o(.text), (324 bytes).
    Removing stm32f10x_sdio.o(.text), (464 bytes).
    Removing stm32f10x_spi.o(.text), (780 bytes).
    Removing stm32f10x_wwdg.o(.text), (124 bytes).
    Removing dadd.o(.text), (334 bytes).
    Removing dmul.o(.text), (228 bytes).
    Removing ddiv.o(.text), (222 bytes).
    Removing dfixul.o(.text), (48 bytes).
    Removing cdrcmple.o(.text), (40 bytes).
    Removing depilogue.o(.text), (190 bytes).

25 unused section(s) (total 10374 bytes) removed from the image.

==============================================================================

Image Symbol Table

    Local Symbols

    Symbol Name                              Value     Ov Type        Size  Object(Section)

    ../clib/microlib/division.c              0x00000000   Number         0  uidiv.o ABSOLUTE
    ../clib/microlib/division.c              0x00000000   Number         0  uldiv.o ABSOLUTE
    ../clib/microlib/init/entry.s            0x00000000   Number         0  entry2.o ABSOLUTE
    ../clib/microlib/init/entry.s            0x00000000   Number         0  entry5.o ABSOLUTE
    ../clib/microlib/init/entry.s            0x00000000   Number         0  entry7b.o ABSOLUTE
    ../clib/microlib/init/entry.s            0x00000000   Number         0  entry.o ABSOLUTE
    ../clib/microlib/init/entry.s            0x00000000   Number         0  entry8.o ABSOLUTE
    ../clib/microlib/init/entry.s            0x00000000   Number         0  entry7a.o ABSOLUTE
    ../clib/microlib/longlong.c              0x00000000   Number         0  llsshr.o ABSOLUTE
    ../clib/microlib/longlong.c              0x00000000   Number         0  llshl.o ABSOLUTE
    ../clib/microlib/longlong.c              0x00000000   Number         0  llushr.o ABSOLUTE
    ../clib/microlib/printf/printf.c         0x00000000   Number         0  printfa.o ABSOLUTE
    ../clib/microlib/printf/printf.c         0x00000000   Number         0  printf8.o ABSOLUTE
    ../clib/microlib/printf/printf.c         0x00000000   Number         0  printf7.o ABSOLUTE
    ../clib/microlib/printf/printf.c         0x00000000   Number         0  printf6.o ABSOLUTE
    ../clib/microlib/printf/printf.c         0x00000000   Number         0  printf5.o ABSOLUTE
    ../clib/microlib/printf/printf.c         0x00000000   Number         0  printf4.o ABSOLUTE
    ../clib/microlib/printf/printf.c         0x00000000   Number         0  printf3.o ABSOLUTE
    ../clib/microlib/printf/printf.c         0x00000000   Number         0  printf2.o ABSOLUTE
    ../clib/microlib/printf/printf.c         0x00000000   Number         0  printf1.o ABSOLUTE
    ../clib/microlib/printf/printf.c         0x00000000   Number         0  printf0.o ABSOLUTE
    ../clib/microlib/printf/printf.c         0x00000000   Number         0  printfb.o ABSOLUTE
    ../clib/microlib/printf/stubs.s          0x00000000   Number         0  stubs.o ABSOLUTE
    ../clib/microlib/stubs.s                 0x00000000   Number         0  iusefp.o ABSOLUTE
    ../clib/microlib/stubs.s                 0x00000000   Number         0  useno.o ABSOLUTE
    ../fplib/microlib/fpadd.c                0x00000000   Number         0  dadd.o ABSOLUTE
    ../fplib/microlib/fpdiv.c                0x00000000   Number         0  ddiv.o ABSOLUTE
    ../fplib/microlib/fpepilogue.c           0x00000000   Number         0  depilogue.o ABSOLUTE
    ../fplib/microlib/fpfix.c                0x00000000   Number         0  dfixul.o ABSOLUTE
    ../fplib/microlib/fpmul.c                0x00000000   Number         0  dmul.o ABSOLUTE
    ..\CORE\core_cm3.c                       0x00000000   Number         0  core_cm3.o ABSOLUTE
    ..\CORE\startup_stm32f10x_hd.s           0x00000000   Number         0  startup_stm32f10x_hd.o ABSOLUTE
    ..\HARDWARE\ADC\adc.c                    0x00000000   Number         0  adc.o ABSOLUTE
    ..\HARDWARE\BEEP\beep.c                  0x00000000   Number         0  beep.o ABSOLUTE
    ..\HARDWARE\DHT11\dht11.c                0x00000000   Number         0  dht11.o ABSOLUTE
    ..\HARDWARE\INCLINE\incline.c            0x00000000   Number         0  incline.o ABSOLUTE
    ..\HARDWARE\ITEMP\tsensor.c              0x00000000   Number         0  tsensor.o ABSOLUTE
    ..\HARDWARE\KEY\key.c                    0x00000000   Number         0  key.o ABSOLUTE
    ..\HARDWARE\LCD\lcd.c                    0x00000000   Number         0  lcd.o ABSOLUTE
    ..\HARDWARE\LED\led.c                    0x00000000   Number         0  led.o ABSOLUTE
    ..\HARDWARE\REMOTE\remote.c              0x00000000   Number         0  remote.o ABSOLUTE
    ..\HARDWARE\SHAKE\shake.c                0x00000000   Number         0  shake.o ABSOLUTE
    ..\HARDWARE\TIMER\timer.c                0x00000000   Number         0  timer.o ABSOLUTE
    ..\HARDWARE\TPAD\tpad.c                  0x00000000   Number         0  tpad.o ABSOLUTE
    ..\HARDWARE\UltrasonicWave\UltrasonicWave.c 0x00000000   Number         0  ultrasonicwave.o ABSOLUTE
    ..\HARDWARE\hongwai\hongwai.c            0x00000000   Number         0  hongwai.o ABSOLUTE
    ..\STM32F10x_FWLib\src\misc.c            0x00000000   Number         0  misc.o ABSOLUTE
    ..\STM32F10x_FWLib\src\stm32f10x_adc.c   0x00000000   Number         0  stm32f10x_adc.o ABSOLUTE
    ..\STM32F10x_FWLib\src\stm32f10x_bkp.c   0x00000000   Number         0  stm32f10x_bkp.o ABSOLUTE
    ..\STM32F10x_FWLib\src\stm32f10x_can.c   0x00000000   Number         0  stm32f10x_can.o ABSOLUTE
    ..\STM32F10x_FWLib\src\stm32f10x_cec.c   0x00000000   Number         0  stm32f10x_cec.o ABSOLUTE
    ..\STM32F10x_FWLib\src\stm32f10x_crc.c   0x00000000   Number         0  stm32f10x_crc.o ABSOLUTE
    ..\STM32F10x_FWLib\src\stm32f10x_dac.c   0x00000000   Number         0  stm32f10x_dac.o ABSOLUTE
    ..\STM32F10x_FWLib\src\stm32f10x_dbgmcu.c 0x00000000   Number         0  stm32f10x_dbgmcu.o ABSOLUTE
    ..\STM32F10x_FWLib\src\stm32f10x_dma.c   0x00000000   Number         0  stm32f10x_dma.o ABSOLUTE
    ..\STM32F10x_FWLib\src\stm32f10x_exti.c  0x00000000   Number         0  stm32f10x_exti.o ABSOLUTE
    ..\STM32F10x_FWLib\src\stm32f10x_flash.c 0x00000000   Number         0  stm32f10x_flash.o ABSOLUTE
    ..\STM32F10x_FWLib\src\stm32f10x_fsmc.c  0x00000000   Number         0  stm32f10x_fsmc.o ABSOLUTE
    ..\STM32F10x_FWLib\src\stm32f10x_gpio.c  0x00000000   Number         0  stm32f10x_gpio.o ABSOLUTE
    ..\STM32F10x_FWLib\src\stm32f10x_i2c.c   0x00000000   Number         0  stm32f10x_i2c.o ABSOLUTE
    ..\STM32F10x_FWLib\src\stm32f10x_iwdg.c  0x00000000   Number         0  stm32f10x_iwdg.o ABSOLUTE
    ..\STM32F10x_FWLib\src\stm32f10x_pwr.c   0x00000000   Number         0  stm32f10x_pwr.o ABSOLUTE
    ..\STM32F10x_FWLib\src\stm32f10x_rcc.c   0x00000000   Number         0  stm32f10x_rcc.o ABSOLUTE
    ..\STM32F10x_FWLib\src\stm32f10x_rtc.c   0x00000000   Number         0  stm32f10x_rtc.o ABSOLUTE
    ..\STM32F10x_FWLib\src\stm32f10x_sdio.c  0x00000000   Number         0  stm32f10x_sdio.o ABSOLUTE
    ..\STM32F10x_FWLib\src\stm32f10x_spi.c   0x00000000   Number         0  stm32f10x_spi.o ABSOLUTE
    ..\STM32F10x_FWLib\src\stm32f10x_tim.c   0x00000000   Number         0  stm32f10x_tim.o ABSOLUTE
    ..\STM32F10x_FWLib\src\stm32f10x_usart.c 0x00000000   Number         0  stm32f10x_usart.o ABSOLUTE
    ..\STM32F10x_FWLib\src\stm32f10x_wwdg.c  0x00000000   Number         0  stm32f10x_wwdg.o ABSOLUTE
    ..\SYSTEM\delay\delay.c                  0x00000000   Number         0  delay.o ABSOLUTE
    ..\SYSTEM\sys\sys.c                      0x00000000   Number         0  sys.o ABSOLUTE
    ..\SYSTEM\usart\usart.c                  0x00000000   Number         0  usart.o ABSOLUTE
    ..\\CORE\\core_cm3.c                     0x00000000   Number         0  core_cm3.o ABSOLUTE
    cdrcmple.s                               0x00000000   Number         0  cdrcmple.o ABSOLUTE
    dc.s                                     0x00000000   Number         0  dc.o ABSOLUTE
    handlers.s                               0x00000000   Number         0  handlers.o ABSOLUTE
    init.s                                   0x00000000   Number         0  init.o ABSOLUTE
    main.c                                   0x00000000   Number         0  main.o ABSOLUTE
    stm32f10x_it.c                           0x00000000   Number         0  stm32f10x_it.o ABSOLUTE
    system_stm32f10x.c                       0x00000000   Number         0  system_stm32f10x.o ABSOLUTE
    RESET                                    0x08000000   Section      304  startup_stm32f10x_hd.o(RESET)
    .ARM.Collect$$$$00000000                 0x08000130   Section        0  entry.o(.ARM.Collect$$$$00000000)
    .ARM.Collect$$$$00000001                 0x08000130   Section        4  entry2.o(.ARM.Collect$$$$00000001)
    .ARM.Collect$$$$00000004                 0x08000134   Section        4  entry5.o(.ARM.Collect$$$$00000004)
    .ARM.Collect$$$$00000008                 0x08000138   Section        0  entry7b.o(.ARM.Collect$$$$00000008)
    .ARM.Collect$$$$00000009                 0x08000138   Section        8  entry8.o(.ARM.Collect$$$$00000009)
    .ARM.Collect$$$$00002712                 0x08000140   Section        4  entry2.o(.ARM.Collect$$$$00002712)
    __lit__00000000                          0x08000140   Data           4  entry2.o(.ARM.Collect$$$$00002712)
    .text                                    0x08000144   Section        0  main.o(.text)
    .text                                    0x080004fc   Section        0  stm32f10x_it.o(.text)
    .text                                    0x08000514   Section        0  system_stm32f10x.o(.text)
    SetSysClockTo72                          0x08000515   Thumb Code   192  system_stm32f10x.o(.text)
    SetSysClock                              0x080005d5   Thumb Code     8  system_stm32f10x.o(.text)
    .text                                    0x080006dc   Section        0  led.o(.text)
    .text                                    0x08000728   Section        0  key.o(.text)
    .text                                    0x08000824   Section        0  beep.o(.text)
    .text                                    0x08000884   Section        0  lcd.o(.text)
    .text                                    0x080050a0   Section        0  tsensor.o(.text)
    .text                                    0x080051a0   Section        0  dht11.o(.text)
    .text                                    0x08005338   Section        0  tpad.o(.text)
    .text                                    0x080055a0   Section        0  ultrasonicwave.o(.text)
    .text                                    0x0800566c   Section        0  timer.o(.text)
    .text                                    0x080056e0   Section        0  hongwai.o(.text)
    .text                                    0x08005774   Section        0  incline.o(.text)
    .text                                    0x08005844   Section        0  shake.o(.text)
    .text                                    0x08005930   Section        0  remote.o(.text)
    .text                                    0x08005bd8   Section        0  delay.o(.text)
    .text                                    0x08005d10   Section        0  sys.o(.text)
    .text                                    0x08005d1c   Section        0  usart.o(.text)
    .text                                    0x08005e6c   Section       36  startup_stm32f10x_hd.o(.text)
    .text                                    0x08005e90   Section        0  misc.o(.text)
    .text                                    0x08005f6c   Section        0  stm32f10x_gpio.o(.text)
    .text                                    0x080062c4   Section        0  stm32f10x_rcc.o(.text)
    .text                                    0x08006660   Section        0  stm32f10x_usart.o(.text)
    .text                                    0x08006a68   Section        0  stm32f10x_exti.o(.text)
    .text                                    0x08006b84   Section        0  stm32f10x_adc.o(.text)
    .text                                    0x08006fc0   Section        0  stm32f10x_fsmc.o(.text)
    .text                                    0x080075d8   Section        0  stm32f10x_tim.o(.text)
    TI4_Config                               0x08007a7f   Thumb Code   130  stm32f10x_tim.o(.text)
    TI3_Config                               0x08007b13   Thumb Code   122  stm32f10x_tim.o(.text)
    TI2_Config                               0x08007ba7   Thumb Code   130  stm32f10x_tim.o(.text)
    TI1_Config                               0x08007c3b   Thumb Code   108  stm32f10x_tim.o(.text)
    .text                                    0x080083f2   Section        0  uldiv.o(.text)
    .text                                    0x08008454   Section       36  init.o(.text)
    .text                                    0x08008478   Section        0  llshl.o(.text)
    .text                                    0x08008496   Section        0  llushr.o(.text)
    i.__0printf$5                            0x080084b8   Section        0  printf5.o(i.__0printf$5)
    i.__scatterload_copy                     0x080084d8   Section       14  handlers.o(i.__scatterload_copy)
    i.__scatterload_null                     0x080084e6   Section        2  handlers.o(i.__scatterload_null)
    i.__scatterload_zeroinit                 0x080084e8   Section       14  handlers.o(i.__scatterload_zeroinit)
    i._printf_core                           0x080084f8   Section        0  printf5.o(i._printf_core)
    _printf_core                             0x080084f9   Thumb Code   660  printf5.o(i._printf_core)
    .constdata                               0x080087b8   Section     2660  lcd.o(.constdata)
    .data                                    0x20000000   Section       20  system_stm32f10x.o(.data)
    .data                                    0x20000014   Section        1  key.o(.data)
    key_up                                   0x20000014   Data           1  key.o(.data)
    .data                                    0x20000016   Section        4  lcd.o(.data)
    .data                                    0x2000001a   Section        3  tpad.o(.data)
    keyen                                    0x2000001c   Data           1  tpad.o(.data)
    .data                                    0x20000020   Section       12  remote.o(.data)
    .data                                    0x2000002c   Section        8  delay.o(.data)
    .data                                    0x20000034   Section        8  usart.o(.data)
    .data                                    0x2000003c   Section       20  stm32f10x_rcc.o(.data)
    APBAHBPrescTable                         0x2000003c   Data          16  stm32f10x_rcc.o(.data)
    ADCPrescTable                            0x2000004c   Data           4  stm32f10x_rcc.o(.data)
    .bss                                     0x20000050   Section       14  lcd.o(.bss)
    .bss                                     0x2000005e   Section      200  usart.o(.bss)
    STACK                                    0x20000128   Section     1024  startup_stm32f10x_hd.o(STACK)

    Global Symbols

    Symbol Name                              Value     Ov Type        Size  Object(Section)

    BuildAttributes$$THM_ISAv4$P$D$K$B$S$PE$A:L22UL41UL21$X:L11$S22US41US21$IEEE1$IW$USESV6$~STKCKD$USESV7$~SHL$OSPACE$ROPI$EBA8$MICROLIB$REQ8$PRES8$EABIv2 0x00000000   Number         0  anon$$obj.o ABSOLUTE
    __ARM_use_no_argv                        0x00000000   Number         0  main.o ABSOLUTE
    __use_no_errno                           0x00000000   Number         0  useno.o ABSOLUTE
    __use_no_exception_handling              0x00000000   Number         0  useno.o ABSOLUTE
    __use_no_fp                              0x00000000   Number         0  useno.o ABSOLUTE
    __use_no_heap                            0x00000000   Number         0  useno.o ABSOLUTE
    __use_no_heap_region                     0x00000000   Number         0  useno.o ABSOLUTE
    __use_no_semihosting                     0x00000000   Number         0  useno.o ABSOLUTE
    __use_no_semihosting_swi                 0x00000000   Number         0  useno.o ABSOLUTE
    __use_no_signal_handling                 0x00000000   Number         0  useno.o ABSOLUTE
    _printf_a                                0x00000000   Number         0  stubs.o ABSOLUTE
    _printf_c                                0x00000000   Number         0  stubs.o ABSOLUTE
    _printf_charcount                        0x00000000   Number         0  stubs.o ABSOLUTE
    _printf_d                                0x00000000   Number         0  stubs.o ABSOLUTE
    _printf_e                                0x00000000   Number         0  stubs.o ABSOLUTE
    _printf_f                                0x00000000   Number         0  stubs.o ABSOLUTE
    _printf_flags                            0x00000000   Number         0  stubs.o ABSOLUTE
    _printf_fp_dec                           0x00000000   Number         0  stubs.o ABSOLUTE
    _printf_fp_hex                           0x00000000   Number         0  stubs.o ABSOLUTE
    _printf_g                                0x00000000   Number         0  stubs.o ABSOLUTE
    _printf_i                                0x00000000   Number         0  stubs.o ABSOLUTE
    _printf_int_dec                          0x00000000   Number         0  stubs.o ABSOLUTE
    _printf_l                                0x00000000   Number         0  stubs.o ABSOLUTE
    _printf_lc                               0x00000000   Number         0  stubs.o ABSOLUTE
    _printf_ll                               0x00000000   Number         0  stubs.o ABSOLUTE
    _printf_lld                              0x00000000   Number         0  stubs.o ABSOLUTE
    _printf_lli                              0x00000000   Number         0  stubs.o ABSOLUTE
    _printf_llo                              0x00000000   Number         0  stubs.o ABSOLUTE
    _printf_llu                              0x00000000   Number         0  stubs.o ABSOLUTE
    _printf_llx                              0x00000000   Number         0  stubs.o ABSOLUTE
    _printf_longlong_dec                     0x00000000   Number         0  stubs.o ABSOLUTE
    _printf_longlong_hex                     0x00000000   Number         0  stubs.o ABSOLUTE
    _printf_longlong_oct                     0x00000000   Number         0  stubs.o ABSOLUTE
    _printf_ls                               0x00000000   Number         0  stubs.o ABSOLUTE
    _printf_mbtowc                           0x00000000   Number         0  stubs.o ABSOLUTE
    _printf_n                                0x00000000   Number         0  stubs.o ABSOLUTE
    _printf_o                                0x00000000   Number         0  stubs.o ABSOLUTE
    _printf_p                                0x00000000   Number         0  stubs.o ABSOLUTE
    _printf_percent                          0x00000000   Number         0  stubs.o ABSOLUTE
    _printf_pre_padding                      0x00000000   Number         0  stubs.o ABSOLUTE
    _printf_return_value                     0x00000000   Number         0  stubs.o ABSOLUTE
    _printf_s                                0x00000000   Number         0  stubs.o ABSOLUTE
    _printf_sizespec                         0x00000000   Number         0  stubs.o ABSOLUTE
    _printf_str                              0x00000000   Number         0  stubs.o ABSOLUTE
    _printf_truncate_signed                  0x00000000   Number         0  stubs.o ABSOLUTE
    _printf_truncate_unsigned                0x00000000   Number         0  stubs.o ABSOLUTE
    _printf_u                                0x00000000   Number         0  stubs.o ABSOLUTE
    _printf_wc                               0x00000000   Number         0  stubs.o ABSOLUTE
    _printf_wctomb                           0x00000000   Number         0  stubs.o ABSOLUTE
    _printf_widthprec                        0x00000000   Number         0  stubs.o ABSOLUTE
    _printf_x                                0x00000000   Number         0  stubs.o ABSOLUTE
    __decompress                              - Undefined Weak Reference
    _clock_init                               - Undefined Weak Reference
    __Vectors_Size                           0x00000130   Number         0  startup_stm32f10x_hd.o ABSOLUTE
    __Vectors                                0x08000000   Data           4  startup_stm32f10x_hd.o(RESET)
    __Vectors_End                            0x08000130   Data           0  startup_stm32f10x_hd.o(RESET)
    __main                                   0x08000131   Thumb Code     0  entry.o(.ARM.Collect$$$$00000000)
    _main_stk                                0x08000131   Thumb Code     0  entry2.o(.ARM.Collect$$$$00000001)
    _main_scatterload                        0x08000135   Thumb Code     0  entry5.o(.ARM.Collect$$$$00000004)
    __main_after_scatterload                 0x08000139   Thumb Code     0  entry5.o(.ARM.Collect$$$$00000004)
    _main_clock                              0x08000139   Thumb Code     0  entry7b.o(.ARM.Collect$$$$00000008)
    _main_init                               0x08000139   Thumb Code     0  entry8.o(.ARM.Collect$$$$00000009)
    main                                     0x08000145   Thumb Code   822  main.o(.text)
    NMI_Handler                              0x080004fd   Thumb Code     2  stm32f10x_it.o(.text)
    HardFault_Handler                        0x080004ff   Thumb Code     4  stm32f10x_it.o(.text)
    MemManage_Handler                        0x08000503   Thumb Code     4  stm32f10x_it.o(.text)
    BusFault_Handler                         0x08000507   Thumb Code     4  stm32f10x_it.o(.text)
    UsageFault_Handler                       0x0800050b   Thumb Code     4  stm32f10x_it.o(.text)
    SVC_Handler                              0x0800050f   Thumb Code     2  stm32f10x_it.o(.text)
    DebugMon_Handler                         0x08000511   Thumb Code     2  stm32f10x_it.o(.text)
    PendSV_Handler                           0x08000513   Thumb Code     2  stm32f10x_it.o(.text)
    SystemInit                               0x080005dd   Thumb Code    78  system_stm32f10x.o(.text)
    SystemCoreClockUpdate                    0x0800062b   Thumb Code   142  system_stm32f10x.o(.text)
    LED_Init                                 0x080006dd   Thumb Code    68  led.o(.text)
    KEY_Init                                 0x08000729   Thumb Code    52  key.o(.text)
    KEY_Scan                                 0x0800075d   Thumb Code   188  key.o(.text)
    BEEP_Init                                0x08000825   Thumb Code    50  beep.o(.text)
    BEEP1                                    0x08000857   Thumb Code    32  beep.o(.text)
    LCD_WR_REG                               0x08000885   Thumb Code     6  lcd.o(.text)
    LCD_WR_DATA                              0x0800088b   Thumb Code     8  lcd.o(.text)
    LCD_RD_DATA                              0x08000893   Thumb Code     8  lcd.o(.text)
    LCD_WriteReg                             0x0800089b   Thumb Code    10  lcd.o(.text)
    LCD_ReadReg                              0x080008a5   Thumb Code    22  lcd.o(.text)
    LCD_WriteRAM_Prepare                     0x080008bb   Thumb Code    10  lcd.o(.text)
    LCD_WriteRAM                             0x080008c5   Thumb Code     8  lcd.o(.text)
    LCD_BGR2RGB                              0x080008cd   Thumb Code    26  lcd.o(.text)
    opt_delay                                0x080008e7   Thumb Code    14  lcd.o(.text)
    LCD_SetCursor                            0x080008f5   Thumb Code   262  lcd.o(.text)
    LCD_ReadPoint                            0x080009fb   Thumb Code   360  lcd.o(.text)
    LCD_DisplayOn                            0x08000b63   Thumb Code    80  lcd.o(.text)
    LCD_DisplayOff                           0x08000bb3   Thumb Code    78  lcd.o(.text)
    LCD_Scan_Dir                             0x08000c01   Thumb Code   718  lcd.o(.text)
    LCD_DrawPoint                            0x08000ecf   Thumb Code    28  lcd.o(.text)
    LCD_Fast_DrawPoint                       0x08000eeb   Thumb Code   278  lcd.o(.text)
    LCD_Display_Dir                          0x08001001   Thumb Code   434  lcd.o(.text)
    LCD_Set_Window                           0x080011b3   Thumb Code   420  lcd.o(.text)
    LCD_Clear                                0x08001357   Thumb Code   100  lcd.o(.text)
    LCD_Init                                 0x080013bb   Thumb Code 14090  lcd.o(.text)
    LCD_Fill                                 0x08004ac5   Thumb Code   178  lcd.o(.text)
    LCD_Color_Fill                           0x08004b77   Thumb Code   102  lcd.o(.text)
    LCD_DrawLine                             0x08004bdd   Thumb Code   176  lcd.o(.text)
    LCD_DrawRectangle                        0x08004c8d   Thumb Code    60  lcd.o(.text)
    Draw_Circle                              0x08004cc9   Thumb Code   152  lcd.o(.text)
    LCD_ShowChar                             0x08004d61   Thumb Code   340  lcd.o(.text)
    LCD_Pow                                  0x08004eb5   Thumb Code    22  lcd.o(.text)
    LCD_ShowNum                              0x08004ecb   Thumb Code   148  lcd.o(.text)
    LCD_ShowxNum                             0x08004f5f   Thumb Code   218  lcd.o(.text)
    LCD_ShowString                           0x08005039   Thumb Code   102  lcd.o(.text)
    T_Adc_Init                               0x080050a1   Thumb Code   118  tsensor.o(.text)
    T_Get_Adc                                0x08005117   Thumb Code    46  tsensor.o(.text)
    T_Get_Temp                               0x08005145   Thumb Code    42  tsensor.o(.text)
    T_Get_Adc_Average                        0x0800516f   Thumb Code    46  tsensor.o(.text)
    DHT11_Rst                                0x080051a1   Thumb Code    54  dht11.o(.text)
    DHT11_Check                              0x080051d7   Thumb Code    92  dht11.o(.text)
    DHT11_Read_Bit                           0x08005233   Thumb Code    70  dht11.o(.text)
    DHT11_Read_Byte                          0x08005279   Thumb Code    30  dht11.o(.text)
    DHT11_Read_Data                          0x08005297   Thumb Code    88  dht11.o(.text)
    DHT11_Init                               0x080052ef   Thumb Code    58  dht11.o(.text)
    TPAD_Reset                               0x08005339   Thumb Code    82  tpad.o(.text)
    TPAD_Get_Val                             0x0800538b   Thumb Code    48  tpad.o(.text)
    TIM5_CH2_Cap_Init                        0x080053bb   Thumb Code   122  tpad.o(.text)
    TPAD_Init                                0x08005435   Thumb Code   172  tpad.o(.text)
    TPAD_Get_MaxVal                          0x080054e1   Thumb Code    36  tpad.o(.text)
    TPAD_Scan                                0x08005505   Thumb Code   108  tpad.o(.text)
    UltrasonicWave_Configuration             0x080055a1   Thumb Code   130  ultrasonicwave.o(.text)
    EXTI3_IRQHandler                         0x08005623   Thumb Code    34  ultrasonicwave.o(.text)
    UltrasonicWave_StartMeasure              0x08005645   Thumb Code    26  ultrasonicwave.o(.text)
    Timerx_Init                              0x0800566d   Thumb Code    92  timer.o(.text)
    TIM2_IRQHandler                          0x080056c9   Thumb Code    22  timer.o(.text)
    HONGWAI_Init                             0x080056e1   Thumb Code   104  hongwai.o(.text)
    EXTI1_IRQHandler                         0x08005749   Thumb Code    34  hongwai.o(.text)
    INCLINE_Init                             0x08005775   Thumb Code   102  incline.o(.text)
    EXTI2_IRQHandler                         0x080057db   Thumb Code    82  incline.o(.text)
    SHAKE_Init                               0x08005845   Thumb Code   104  shake.o(.text)
    EXTI4_IRQHandler                         0x080058ad   Thumb Code   102  shake.o(.text)
    Remote_Init                              0x08005931   Thumb Code   180  remote.o(.text)
    TIM4_IRQHandler                          0x080059e5   Thumb Code   378  remote.o(.text)
    Remote_Scan                              0x08005b5f   Thumb Code    92  remote.o(.text)
    SysTick_Handler                          0x08005bd9   Thumb Code    46  delay.o(.text)
    systick_init                             0x08005c07   Thumb Code    84  delay.o(.text)
    delay_init                               0x08005c5b   Thumb Code     2  delay.o(.text)
    delay_us                                 0x08005c5d   Thumb Code   136  delay.o(.text)
    delay_ms                                 0x08005ce5   Thumb Code    18  delay.o(.text)
    NVIC_Configuration                       0x08005d11   Thumb Code    12  sys.o(.text)
    _sys_exit                                0x08005d1d   Thumb Code     6  usart.o(.text)
    fputc                                    0x08005d23   Thumb Code    32  usart.o(.text)
    uart_init                                0x08005d43   Thumb Code   158  usart.o(.text)
    USART1_IRQHandler                        0x08005de1   Thumb Code   122  usart.o(.text)
    Reset_Handler                            0x08005e6d   Thumb Code     8  startup_stm32f10x_hd.o(.text)
    ADC1_2_IRQHandler                        0x08005e87   Thumb Code     0  startup_stm32f10x_hd.o(.text)
    ADC3_IRQHandler                          0x08005e87   Thumb Code     0  startup_stm32f10x_hd.o(.text)
    CAN1_RX1_IRQHandler                      0x08005e87   Thumb Code     0  startup_stm32f10x_hd.o(.text)
    CAN1_SCE_IRQHandler                      0x08005e87   Thumb Code     0  startup_stm32f10x_hd.o(.text)
    DMA1_Channel1_IRQHandler                 0x08005e87   Thumb Code     0  startup_stm32f10x_hd.o(.text)
    DMA1_Channel2_IRQHandler                 0x08005e87   Thumb Code     0  startup_stm32f10x_hd.o(.text)
    DMA1_Channel3_IRQHandler                 0x08005e87   Thumb Code     0  startup_stm32f10x_hd.o(.text)
    DMA1_Channel4_IRQHandler                 0x08005e87   Thumb Code     0  startup_stm32f10x_hd.o(.text)
    DMA1_Channel5_IRQHandler                 0x08005e87   Thumb Code     0  startup_stm32f10x_hd.o(.text)
    DMA1_Channel6_IRQHandler                 0x08005e87   Thumb Code     0  startup_stm32f10x_hd.o(.text)
    DMA1_Channel7_IRQHandler                 0x08005e87   Thumb Code     0  startup_stm32f10x_hd.o(.text)
    DMA2_Channel1_IRQHandler                 0x08005e87   Thumb Code     0  startup_stm32f10x_hd.o(.text)
    DMA2_Channel2_IRQHandler                 0x08005e87   Thumb Code     0  startup_stm32f10x_hd.o(.text)
    DMA2_Channel3_IRQHandler                 0x08005e87   Thumb Code     0  startup_stm32f10x_hd.o(.text)
    DMA2_Channel4_5_IRQHandler               0x08005e87   Thumb Code     0  startup_stm32f10x_hd.o(.text)
    EXTI0_IRQHandler                         0x08005e87   Thumb Code     0  startup_stm32f10x_hd.o(.text)
    EXTI15_10_IRQHandler                     0x08005e87   Thumb Code     0  startup_stm32f10x_hd.o(.text)
    EXTI9_5_IRQHandler                       0x08005e87   Thumb Code     0  startup_stm32f10x_hd.o(.text)
    FLASH_IRQHandler                         0x08005e87   Thumb Code     0  startup_stm32f10x_hd.o(.text)
    FSMC_IRQHandler                          0x08005e87   Thumb Code     0  startup_stm32f10x_hd.o(.text)
    I2C1_ER_IRQHandler                       0x08005e87   Thumb Code     0  startup_stm32f10x_hd.o(.text)
    I2C1_EV_IRQHandler                       0x08005e87   Thumb Code     0  startup_stm32f10x_hd.o(.text)
    I2C2_ER_IRQHandler                       0x08005e87   Thumb Code     0  startup_stm32f10x_hd.o(.text)
    I2C2_EV_IRQHandler                       0x08005e87   Thumb Code     0  startup_stm32f10x_hd.o(.text)
    PVD_IRQHandler                           0x08005e87   Thumb Code     0  startup_stm32f10x_hd.o(.text)
    RCC_IRQHandler                           0x08005e87   Thumb Code     0  startup_stm32f10x_hd.o(.text)
    RTCAlarm_IRQHandler                      0x08005e87   Thumb Code     0  startup_stm32f10x_hd.o(.text)
    RTC_IRQHandler                           0x08005e87   Thumb Code     0  startup_stm32f10x_hd.o(.text)
    SDIO_IRQHandler                          0x08005e87   Thumb Code     0  startup_stm32f10x_hd.o(.text)
    SPI1_IRQHandler                          0x08005e87   Thumb Code     0  startup_stm32f10x_hd.o(.text)
    SPI2_IRQHandler                          0x08005e87   Thumb Code     0  startup_stm32f10x_hd.o(.text)
    SPI3_IRQHandler                          0x08005e87   Thumb Code     0  startup_stm32f10x_hd.o(.text)
    TAMPER_IRQHandler                        0x08005e87   Thumb Code     0  startup_stm32f10x_hd.o(.text)
    TIM1_BRK_IRQHandler                      0x08005e87   Thumb Code     0  startup_stm32f10x_hd.o(.text)
    TIM1_CC_IRQHandler                       0x08005e87   Thumb Code     0  startup_stm32f10x_hd.o(.text)
    TIM1_TRG_COM_IRQHandler                  0x08005e87   Thumb Code     0  startup_stm32f10x_hd.o(.text)
    TIM1_UP_IRQHandler                       0x08005e87   Thumb Code     0  startup_stm32f10x_hd.o(.text)
    TIM3_IRQHandler                          0x08005e87   Thumb Code     0  startup_stm32f10x_hd.o(.text)
    TIM5_IRQHandler                          0x08005e87   Thumb Code     0  startup_stm32f10x_hd.o(.text)
    TIM6_IRQHandler                          0x08005e87   Thumb Code     0  startup_stm32f10x_hd.o(.text)
    TIM7_IRQHandler                          0x08005e87   Thumb Code     0  startup_stm32f10x_hd.o(.text)
    TIM8_BRK_IRQHandler                      0x08005e87   Thumb Code     0  startup_stm32f10x_hd.o(.text)
    TIM8_CC_IRQHandler                       0x08005e87   Thumb Code     0  startup_stm32f10x_hd.o(.text)
    TIM8_TRG_COM_IRQHandler                  0x08005e87   Thumb Code     0  startup_stm32f10x_hd.o(.text)
    TIM8_UP_IRQHandler                       0x08005e87   Thumb Code     0  startup_stm32f10x_hd.o(.text)
    UART4_IRQHandler                         0x08005e87   Thumb Code     0  startup_stm32f10x_hd.o(.text)
    UART5_IRQHandler                         0x08005e87   Thumb Code     0  startup_stm32f10x_hd.o(.text)
    USART2_IRQHandler                        0x08005e87   Thumb Code     0  startup_stm32f10x_hd.o(.text)
    USART3_IRQHandler                        0x08005e87   Thumb Code     0  startup_stm32f10x_hd.o(.text)
    USBWakeUp_IRQHandler                     0x08005e87   Thumb Code     0  startup_stm32f10x_hd.o(.text)
    USB_HP_CAN1_TX_IRQHandler                0x08005e87   Thumb Code     0  startup_stm32f10x_hd.o(.text)
    USB_LP_CAN1_RX0_IRQHandler               0x08005e87   Thumb Code     0  startup_stm32f10x_hd.o(.text)
    WWDG_IRQHandler                          0x08005e87   Thumb Code     0  startup_stm32f10x_hd.o(.text)
    NVIC_PriorityGroupConfig                 0x08005e91   Thumb Code    10  misc.o(.text)
    NVIC_Init                                0x08005e9b   Thumb Code   102  misc.o(.text)
    NVIC_SetVectorTable                      0x08005f01   Thumb Code    14  misc.o(.text)
    NVIC_SystemLPConfig                      0x08005f0f   Thumb Code    34  misc.o(.text)
    SysTick_CLKSourceConfig                  0x08005f31   Thumb Code    40  misc.o(.text)
    GPIO_DeInit                              0x08005f6d   Thumb Code   172  stm32f10x_gpio.o(.text)
    GPIO_AFIODeInit                          0x08006019   Thumb Code    20  stm32f10x_gpio.o(.text)
    GPIO_Init                                0x0800602d   Thumb Code   274  stm32f10x_gpio.o(.text)
    GPIO_StructInit                          0x0800613f   Thumb Code    16  stm32f10x_gpio.o(.text)
    GPIO_ReadInputDataBit                    0x0800614f   Thumb Code    18  stm32f10x_gpio.o(.text)
    GPIO_ReadInputData                       0x08006161   Thumb Code     8  stm32f10x_gpio.o(.text)
    GPIO_ReadOutputDataBit                   0x08006169   Thumb Code    18  stm32f10x_gpio.o(.text)
    GPIO_ReadOutputData                      0x0800617b   Thumb Code     8  stm32f10x_gpio.o(.text)
    GPIO_SetBits                             0x08006183   Thumb Code     4  stm32f10x_gpio.o(.text)
    GPIO_ResetBits                           0x08006187   Thumb Code     4  stm32f10x_gpio.o(.text)
    GPIO_WriteBit                            0x0800618b   Thumb Code    10  stm32f10x_gpio.o(.text)
    GPIO_Write                               0x08006195   Thumb Code     4  stm32f10x_gpio.o(.text)
    GPIO_PinLockConfig                       0x08006199   Thumb Code    18  stm32f10x_gpio.o(.text)
    GPIO_EventOutputConfig                   0x080061ab   Thumb Code    26  stm32f10x_gpio.o(.text)
    GPIO_EventOutputCmd                      0x080061c5   Thumb Code     6  stm32f10x_gpio.o(.text)
    GPIO_PinRemapConfig                      0x080061cb   Thumb Code   138  stm32f10x_gpio.o(.text)
    GPIO_EXTILineConfig                      0x08006255   Thumb Code    66  stm32f10x_gpio.o(.text)
    GPIO_ETH_MediaInterfaceConfig            0x08006297   Thumb Code     6  stm32f10x_gpio.o(.text)
    RCC_DeInit                               0x080062c5   Thumb Code    64  stm32f10x_rcc.o(.text)
    RCC_HSEConfig                            0x08006305   Thumb Code    70  stm32f10x_rcc.o(.text)
    RCC_GetFlagStatus                        0x0800634b   Thumb Code    56  stm32f10x_rcc.o(.text)
    RCC_WaitForHSEStartUp                    0x08006383   Thumb Code    48  stm32f10x_rcc.o(.text)
    RCC_AdjustHSICalibrationValue            0x080063b3   Thumb Code    20  stm32f10x_rcc.o(.text)
    RCC_HSICmd                               0x080063c7   Thumb Code     6  stm32f10x_rcc.o(.text)
    RCC_PLLConfig                            0x080063cd   Thumb Code    24  stm32f10x_rcc.o(.text)
    RCC_PLLCmd                               0x080063e5   Thumb Code     6  stm32f10x_rcc.o(.text)
    RCC_SYSCLKConfig                         0x080063eb   Thumb Code    18  stm32f10x_rcc.o(.text)
    RCC_GetSYSCLKSource                      0x080063fd   Thumb Code    10  stm32f10x_rcc.o(.text)
    RCC_HCLKConfig                           0x08006407   Thumb Code    18  stm32f10x_rcc.o(.text)
    RCC_PCLK1Config                          0x08006419   Thumb Code    18  stm32f10x_rcc.o(.text)
    RCC_PCLK2Config                          0x0800642b   Thumb Code    20  stm32f10x_rcc.o(.text)
    RCC_ITConfig                             0x0800643f   Thumb Code    26  stm32f10x_rcc.o(.text)
    RCC_USBCLKConfig                         0x08006459   Thumb Code     6  stm32f10x_rcc.o(.text)
    RCC_ADCCLKConfig                         0x0800645f   Thumb Code    18  stm32f10x_rcc.o(.text)
    RCC_LSEConfig                            0x08006471   Thumb Code    44  stm32f10x_rcc.o(.text)
    RCC_LSICmd                               0x0800649d   Thumb Code     6  stm32f10x_rcc.o(.text)
    RCC_RTCCLKConfig                         0x080064a3   Thumb Code    12  stm32f10x_rcc.o(.text)
    RCC_RTCCLKCmd                            0x080064af   Thumb Code     8  stm32f10x_rcc.o(.text)
    RCC_GetClocksFreq                        0x080064b7   Thumb Code   192  stm32f10x_rcc.o(.text)
    RCC_AHBPeriphClockCmd                    0x08006577   Thumb Code    26  stm32f10x_rcc.o(.text)
    RCC_APB2PeriphClockCmd                   0x08006591   Thumb Code    26  stm32f10x_rcc.o(.text)
    RCC_APB1PeriphClockCmd                   0x080065ab   Thumb Code    26  stm32f10x_rcc.o(.text)
    RCC_APB2PeriphResetCmd                   0x080065c5   Thumb Code    26  stm32f10x_rcc.o(.text)
    RCC_APB1PeriphResetCmd                   0x080065df   Thumb Code    26  stm32f10x_rcc.o(.text)
    RCC_BackupResetCmd                       0x080065f9   Thumb Code     8  stm32f10x_rcc.o(.text)
    RCC_ClockSecuritySystemCmd               0x08006601   Thumb Code     6  stm32f10x_rcc.o(.text)
    RCC_MCOConfig                            0x08006607   Thumb Code     6  stm32f10x_rcc.o(.text)
    RCC_ClearFlag                            0x0800660d   Thumb Code    14  stm32f10x_rcc.o(.text)
    RCC_GetITStatus                          0x0800661b   Thumb Code    20  stm32f10x_rcc.o(.text)
    RCC_ClearITPendingBit                    0x0800662f   Thumb Code     6  stm32f10x_rcc.o(.text)
    USART_DeInit                             0x08006661   Thumb Code   134  stm32f10x_usart.o(.text)
    USART_Init                               0x080066e7   Thumb Code   210  stm32f10x_usart.o(.text)
    USART_StructInit                         0x080067b9   Thumb Code    24  stm32f10x_usart.o(.text)
    USART_ClockInit                          0x080067d1   Thumb Code    34  stm32f10x_usart.o(.text)
    USART_ClockStructInit                    0x080067f3   Thumb Code    12  stm32f10x_usart.o(.text)
    USART_Cmd                                0x080067ff   Thumb Code    24  stm32f10x_usart.o(.text)
    USART_ITConfig                           0x08006817   Thumb Code    74  stm32f10x_usart.o(.text)
    USART_DMACmd                             0x08006861   Thumb Code    18  stm32f10x_usart.o(.text)
    USART_SetAddress                         0x08006873   Thumb Code    18  stm32f10x_usart.o(.text)
    USART_WakeUpConfig                       0x08006885   Thumb Code    18  stm32f10x_usart.o(.text)
    USART_ReceiverWakeUpCmd                  0x08006897   Thumb Code    24  stm32f10x_usart.o(.text)
    USART_LINBreakDetectLengthConfig         0x080068af   Thumb Code    18  stm32f10x_usart.o(.text)
    USART_LINCmd                             0x080068c1   Thumb Code    24  stm32f10x_usart.o(.text)
    USART_SendData                           0x080068d9   Thumb Code     8  stm32f10x_usart.o(.text)
    USART_ReceiveData                        0x080068e1   Thumb Code    10  stm32f10x_usart.o(.text)
    USART_SendBreak                          0x080068eb   Thumb Code    10  stm32f10x_usart.o(.text)
    USART_SetGuardTime                       0x080068f5   Thumb Code    16  stm32f10x_usart.o(.text)
    USART_SetPrescaler                       0x08006905   Thumb Code    16  stm32f10x_usart.o(.text)
    USART_SmartCardCmd                       0x08006915   Thumb Code    24  stm32f10x_usart.o(.text)
    USART_SmartCardNACKCmd                   0x0800692d   Thumb Code    24  stm32f10x_usart.o(.text)
    USART_HalfDuplexCmd                      0x08006945   Thumb Code    24  stm32f10x_usart.o(.text)
    USART_OverSampling8Cmd                   0x0800695d   Thumb Code    22  stm32f10x_usart.o(.text)
    USART_OneBitMethodCmd                    0x08006973   Thumb Code    24  stm32f10x_usart.o(.text)
    USART_IrDAConfig                         0x0800698b   Thumb Code    18  stm32f10x_usart.o(.text)
    USART_IrDACmd                            0x0800699d   Thumb Code    24  stm32f10x_usart.o(.text)
    USART_GetFlagStatus                      0x080069b5   Thumb Code    26  stm32f10x_usart.o(.text)
    USART_ClearFlag                          0x080069cf   Thumb Code    18  stm32f10x_usart.o(.text)
    USART_GetITStatus                        0x080069e1   Thumb Code    84  stm32f10x_usart.o(.text)
    USART_ClearITPendingBit                  0x08006a35   Thumb Code    52  stm32f10x_usart.o(.text)
    EXTI_DeInit                              0x08006a69   Thumb Code    28  stm32f10x_exti.o(.text)
    EXTI_Init                                0x08006a85   Thumb Code   142  stm32f10x_exti.o(.text)
    EXTI_StructInit                          0x08006b13   Thumb Code    16  stm32f10x_exti.o(.text)
    EXTI_GenerateSWInterrupt                 0x08006b23   Thumb Code    16  stm32f10x_exti.o(.text)
    EXTI_GetFlagStatus                       0x08006b33   Thumb Code    22  stm32f10x_exti.o(.text)
    EXTI_ClearFlag                           0x08006b49   Thumb Code     8  stm32f10x_exti.o(.text)
    EXTI_GetITStatus                         0x08006b51   Thumb Code    34  stm32f10x_exti.o(.text)
    EXTI_ClearITPendingBit                   0x08006b73   Thumb Code     8  stm32f10x_exti.o(.text)
    ADC_DeInit                               0x08006b85   Thumb Code    78  stm32f10x_adc.o(.text)
    ADC_Init                                 0x08006bd3   Thumb Code    70  stm32f10x_adc.o(.text)
    ADC_StructInit                           0x08006c19   Thumb Code    18  stm32f10x_adc.o(.text)
    ADC_Cmd                                  0x08006c2b   Thumb Code    22  stm32f10x_adc.o(.text)
    ADC_DMACmd                               0x08006c41   Thumb Code    22  stm32f10x_adc.o(.text)
    ADC_ITConfig                             0x08006c57   Thumb Code    24  stm32f10x_adc.o(.text)
    ADC_ResetCalibration                     0x08006c6f   Thumb Code    10  stm32f10x_adc.o(.text)
    ADC_GetResetCalibrationStatus            0x08006c79   Thumb Code    20  stm32f10x_adc.o(.text)
    ADC_StartCalibration                     0x08006c8d   Thumb Code    10  stm32f10x_adc.o(.text)
    ADC_GetCalibrationStatus                 0x08006c97   Thumb Code    20  stm32f10x_adc.o(.text)
    ADC_SoftwareStartConvCmd                 0x08006cab   Thumb Code    22  stm32f10x_adc.o(.text)
    ADC_GetSoftwareStartConvStatus           0x08006cc1   Thumb Code    20  stm32f10x_adc.o(.text)
    ADC_DiscModeChannelCountConfig           0x08006cd5   Thumb Code    24  stm32f10x_adc.o(.text)
    ADC_DiscModeCmd                          0x08006ced   Thumb Code    22  stm32f10x_adc.o(.text)
    ADC_RegularChannelConfig                 0x08006d03   Thumb Code   184  stm32f10x_adc.o(.text)
    ADC_ExternalTrigConvCmd                  0x08006dbb   Thumb Code    22  stm32f10x_adc.o(.text)
    ADC_GetConversionValue                   0x08006dd1   Thumb Code     8  stm32f10x_adc.o(.text)
    ADC_GetDualModeConversionValue           0x08006dd9   Thumb Code     8  stm32f10x_adc.o(.text)
    ADC_AutoInjectedConvCmd                  0x08006de1   Thumb Code    22  stm32f10x_adc.o(.text)
    ADC_InjectedDiscModeCmd                  0x08006df7   Thumb Code    22  stm32f10x_adc.o(.text)
    ADC_ExternalTrigInjectedConvConfig       0x08006e0d   Thumb Code    16  stm32f10x_adc.o(.text)
    ADC_ExternalTrigInjectedConvCmd          0x08006e1d   Thumb Code    22  stm32f10x_adc.o(.text)
    ADC_SoftwareStartInjectedConvCmd         0x08006e33   Thumb Code    22  stm32f10x_adc.o(.text)
    ADC_GetSoftwareStartInjectedConvCmdStatus 0x08006e49   Thumb Code    20  stm32f10x_adc.o(.text)
    ADC_InjectedChannelConfig                0x08006e5d   Thumb Code   130  stm32f10x_adc.o(.text)
    ADC_InjectedSequencerLengthConfig        0x08006edf   Thumb Code    24  stm32f10x_adc.o(.text)
    ADC_SetInjectedOffset                    0x08006ef7   Thumb Code    12  stm32f10x_adc.o(.text)
    ADC_GetInjectedConversionValue           0x08006f03   Thumb Code    18  stm32f10x_adc.o(.text)
    ADC_AnalogWatchdogCmd                    0x08006f15   Thumb Code    16  stm32f10x_adc.o(.text)
    ADC_AnalogWatchdogThresholdsConfig       0x08006f25   Thumb Code     6  stm32f10x_adc.o(.text)
    ADC_AnalogWatchdogSingleChannelConfig    0x08006f2b   Thumb Code    16  stm32f10x_adc.o(.text)
    ADC_TempSensorVrefintCmd                 0x08006f3b   Thumb Code    38  stm32f10x_adc.o(.text)
    ADC_GetFlagStatus                        0x08006f61   Thumb Code    44  stm32f10x_adc.o(.text)
    ADC_ClearFlag                            0x08006f8d   Thumb Code     6  stm32f10x_adc.o(.text)
    ADC_GetITStatus                          0x08006f93   Thumb Code    36  stm32f10x_adc.o(.text)
    ADC_ClearITPendingBit                    0x08006fb7   Thumb Code    10  stm32f10x_adc.o(.text)
    FSMC_NORSRAMDeInit                       0x08006fc1   Thumb Code    56  stm32f10x_fsmc.o(.text)
    FSMC_NANDDeInit                          0x08006ff9   Thumb Code    62  stm32f10x_fsmc.o(.text)
    FSMC_PCCARDDeInit                        0x08007037   Thumb Code    40  stm32f10x_fsmc.o(.text)
    FSMC_NORSRAMInit                         0x0800705f   Thumb Code   224  stm32f10x_fsmc.o(.text)
    FSMC_NANDInit                            0x0800713f   Thumb Code   130  stm32f10x_fsmc.o(.text)
    FSMC_PCCARDInit                          0x080071c1   Thumb Code   124  stm32f10x_fsmc.o(.text)
    FSMC_NORSRAMStructInit                   0x0800723d   Thumb Code   114  stm32f10x_fsmc.o(.text)
    FSMC_NANDStructInit                      0x080072af   Thumb Code    54  stm32f10x_fsmc.o(.text)
    FSMC_PCCARDStructInit                    0x080072e5   Thumb Code    60  stm32f10x_fsmc.o(.text)
    FSMC_NORSRAMCmd                          0x08007321   Thumb Code    46  stm32f10x_fsmc.o(.text)
    FSMC_NANDCmd                             0x0800734f   Thumb Code    86  stm32f10x_fsmc.o(.text)
    FSMC_PCCARDCmd                           0x080073a5   Thumb Code    40  stm32f10x_fsmc.o(.text)
    FSMC_NANDECCCmd                          0x080073cd   Thumb Code   118  stm32f10x_fsmc.o(.text)
    FSMC_GetECC                              0x08007443   Thumb Code    22  stm32f10x_fsmc.o(.text)
    FSMC_ITConfig                            0x08007459   Thumb Code   128  stm32f10x_fsmc.o(.text)
    FSMC_GetFlagStatus                       0x080074d9   Thumb Code    48  stm32f10x_fsmc.o(.text)
    FSMC_ClearFlag                           0x08007509   Thumb Code    62  stm32f10x_fsmc.o(.text)
    FSMC_GetITStatus                         0x08007547   Thumb Code    60  stm32f10x_fsmc.o(.text)
    FSMC_ClearITPendingBit                   0x08007583   Thumb Code    64  stm32f10x_fsmc.o(.text)
    TIM_DeInit                               0x080075d9   Thumb Code   424  stm32f10x_tim.o(.text)
    TIM_TimeBaseInit                         0x08007781   Thumb Code   122  stm32f10x_tim.o(.text)
    TIM_OC1Init                              0x080077fb   Thumb Code   132  stm32f10x_tim.o(.text)
    TIM_OC2Init                              0x0800787f   Thumb Code   154  stm32f10x_tim.o(.text)
    TIM_OC3Init                              0x08007919   Thumb Code   150  stm32f10x_tim.o(.text)
    TIM_OC4Init                              0x080079af   Thumb Code   182  stm32f10x_tim.o(.text)
    TIM_SetIC4Prescaler                      0x08007a65   Thumb Code    26  stm32f10x_tim.o(.text)
    TIM_SetIC3Prescaler                      0x08007b01   Thumb Code    18  stm32f10x_tim.o(.text)
    TIM_SetIC2Prescaler                      0x08007b8d   Thumb Code    26  stm32f10x_tim.o(.text)
    TIM_SetIC1Prescaler                      0x08007c29   Thumb Code    18  stm32f10x_tim.o(.text)
    TIM_ICInit                               0x08007ca7   Thumb Code   150  stm32f10x_tim.o(.text)
    TIM_PWMIConfig                           0x08007d3d   Thumb Code   124  stm32f10x_tim.o(.text)
    TIM_BDTRConfig                           0x08007db9   Thumb Code    32  stm32f10x_tim.o(.text)
    TIM_TimeBaseStructInit                   0x08007dd9   Thumb Code    18  stm32f10x_tim.o(.text)
    TIM_OCStructInit                         0x08007deb   Thumb Code    20  stm32f10x_tim.o(.text)
    TIM_ICStructInit                         0x08007dff   Thumb Code    18  stm32f10x_tim.o(.text)
    TIM_BDTRStructInit                       0x08007e11   Thumb Code    40  stm32f10x_tim.o(.text)
    TIM_Cmd                                  0x08007e39   Thumb Code    24  stm32f10x_tim.o(.text)
    TIM_CtrlPWMOutputs                       0x08007e51   Thumb Code    30  stm32f10x_tim.o(.text)
    TIM_ITConfig                             0x08007e6f   Thumb Code    18  stm32f10x_tim.o(.text)
    TIM_GenerateEvent                        0x08007e81   Thumb Code     4  stm32f10x_tim.o(.text)
    TIM_DMAConfig                            0x08007e85   Thumb Code    10  stm32f10x_tim.o(.text)
    TIM_DMACmd                               0x08007e8f   Thumb Code    18  stm32f10x_tim.o(.text)
    TIM_InternalClockConfig                  0x08007ea1   Thumb Code    12  stm32f10x_tim.o(.text)
    TIM_SelectInputTrigger                   0x08007ead   Thumb Code    18  stm32f10x_tim.o(.text)
    TIM_ITRxExternalClockConfig              0x08007ebf   Thumb Code    24  stm32f10x_tim.o(.text)
    TIM_TIxExternalClockConfig               0x08007ed7   Thumb Code    62  stm32f10x_tim.o(.text)
    TIM_ETRConfig                            0x08007f15   Thumb Code    28  stm32f10x_tim.o(.text)
    TIM_ETRClockMode1Config                  0x08007f31   Thumb Code    54  stm32f10x_tim.o(.text)
    TIM_ETRClockMode2Config                  0x08007f67   Thumb Code    32  stm32f10x_tim.o(.text)
    TIM_PrescalerConfig                      0x08007f87   Thumb Code     6  stm32f10x_tim.o(.text)
    TIM_CounterModeConfig                    0x08007f8d   Thumb Code    18  stm32f10x_tim.o(.text)
    TIM_EncoderInterfaceConfig               0x08007f9f   Thumb Code    66  stm32f10x_tim.o(.text)
    TIM_ForcedOC1Config                      0x08007fe1   Thumb Code    18  stm32f10x_tim.o(.text)
    TIM_ForcedOC2Config                      0x08007ff3   Thumb Code    26  stm32f10x_tim.o(.text)
    TIM_ForcedOC3Config                      0x0800800d   Thumb Code    18  stm32f10x_tim.o(.text)
    TIM_ForcedOC4Config                      0x0800801f   Thumb Code    26  stm32f10x_tim.o(.text)
    TIM_ARRPreloadConfig                     0x08008039   Thumb Code    24  stm32f10x_tim.o(.text)
    TIM_SelectCOM                            0x08008051   Thumb Code    24  stm32f10x_tim.o(.text)
    TIM_SelectCCDMA                          0x08008069   Thumb Code    24  stm32f10x_tim.o(.text)
    TIM_CCPreloadControl                     0x08008081   Thumb Code    24  stm32f10x_tim.o(.text)
    TIM_OC1PreloadConfig                     0x08008099   Thumb Code    18  stm32f10x_tim.o(.text)
    TIM_OC2PreloadConfig                     0x080080ab   Thumb Code    26  stm32f10x_tim.o(.text)
    TIM_OC3PreloadConfig                     0x080080c5   Thumb Code    18  stm32f10x_tim.o(.text)
    TIM_OC4PreloadConfig                     0x080080d7   Thumb Code    26  stm32f10x_tim.o(.text)
    TIM_OC1FastConfig                        0x080080f1   Thumb Code    18  stm32f10x_tim.o(.text)
    TIM_OC2FastConfig                        0x08008103   Thumb Code    26  stm32f10x_tim.o(.text)
    TIM_OC3FastConfig                        0x0800811d   Thumb Code    18  stm32f10x_tim.o(.text)
    TIM_OC4FastConfig                        0x0800812f   Thumb Code    26  stm32f10x_tim.o(.text)
    TIM_ClearOC1Ref                          0x08008149   Thumb Code    18  stm32f10x_tim.o(.text)
    TIM_ClearOC2Ref                          0x0800815b   Thumb Code    24  stm32f10x_tim.o(.text)
    TIM_ClearOC3Ref                          0x08008173   Thumb Code    18  stm32f10x_tim.o(.text)
    TIM_ClearOC4Ref                          0x08008185   Thumb Code    24  stm32f10x_tim.o(.text)
    TIM_OC1PolarityConfig                    0x0800819d   Thumb Code    18  stm32f10x_tim.o(.text)
    TIM_OC1NPolarityConfig                   0x080081af   Thumb Code    18  stm32f10x_tim.o(.text)
    TIM_OC2PolarityConfig                    0x080081c1   Thumb Code    26  stm32f10x_tim.o(.text)
    TIM_OC2NPolarityConfig                   0x080081db   Thumb Code    26  stm32f10x_tim.o(.text)
    TIM_OC3PolarityConfig                    0x080081f5   Thumb Code    26  stm32f10x_tim.o(.text)
    TIM_OC3NPolarityConfig                   0x0800820f   Thumb Code    26  stm32f10x_tim.o(.text)
    TIM_OC4PolarityConfig                    0x08008229   Thumb Code    26  stm32f10x_tim.o(.text)
    TIM_CCxCmd                               0x08008243   Thumb Code    30  stm32f10x_tim.o(.text)
    TIM_CCxNCmd                              0x08008261   Thumb Code    30  stm32f10x_tim.o(.text)
    TIM_SelectOCxM                           0x0800827f   Thumb Code    82  stm32f10x_tim.o(.text)
    TIM_UpdateDisableConfig                  0x080082d1   Thumb Code    24  stm32f10x_tim.o(.text)
    TIM_UpdateRequestConfig                  0x080082e9   Thumb Code    24  stm32f10x_tim.o(.text)
    TIM_SelectHallSensor                     0x08008301   Thumb Code    24  stm32f10x_tim.o(.text)
    TIM_SelectOnePulseMode                   0x08008319   Thumb Code    18  stm32f10x_tim.o(.text)
    TIM_SelectOutputTrigger                  0x0800832b   Thumb Code    18  stm32f10x_tim.o(.text)
    TIM_SelectSlaveMode                      0x0800833d   Thumb Code    18  stm32f10x_tim.o(.text)
    TIM_SelectMasterSlaveMode                0x0800834f   Thumb Code    18  stm32f10x_tim.o(.text)
    TIM_SetCounter                           0x08008361   Thumb Code     4  stm32f10x_tim.o(.text)
    TIM_SetAutoreload                        0x08008365   Thumb Code     4  stm32f10x_tim.o(.text)
    TIM_SetCompare1                          0x08008369   Thumb Code     4  stm32f10x_tim.o(.text)
    TIM_SetCompare2                          0x0800836d   Thumb Code     4  stm32f10x_tim.o(.text)
    TIM_SetCompare3                          0x08008371   Thumb Code     4  stm32f10x_tim.o(.text)
    TIM_SetCompare4                          0x08008375   Thumb Code     6  stm32f10x_tim.o(.text)
    TIM_SetClockDivision                     0x0800837b   Thumb Code    18  stm32f10x_tim.o(.text)
    TIM_GetCapture1                          0x0800838d   Thumb Code     6  stm32f10x_tim.o(.text)
    TIM_GetCapture2                          0x08008393   Thumb Code     6  stm32f10x_tim.o(.text)
    TIM_GetCapture3                          0x08008399   Thumb Code     6  stm32f10x_tim.o(.text)
    TIM_GetCapture4                          0x0800839f   Thumb Code     8  stm32f10x_tim.o(.text)
    TIM_GetCounter                           0x080083a7   Thumb Code     6  stm32f10x_tim.o(.text)
    TIM_GetPrescaler                         0x080083ad   Thumb Code     6  stm32f10x_tim.o(.text)
    TIM_GetFlagStatus                        0x080083b3   Thumb Code    18  stm32f10x_tim.o(.text)
    TIM_ClearFlag                            0x080083c5   Thumb Code     6  stm32f10x_tim.o(.text)
    TIM_GetITStatus                          0x080083cb   Thumb Code    34  stm32f10x_tim.o(.text)
    TIM_ClearITPendingBit                    0x080083ed   Thumb Code     6  stm32f10x_tim.o(.text)
    __aeabi_uldivmod                         0x080083f3   Thumb Code    98  uldiv.o(.text)
    __scatterload                            0x08008455   Thumb Code    28  init.o(.text)
    __scatterload_rt2                        0x08008455   Thumb Code     0  init.o(.text)
    __aeabi_llsl                             0x08008479   Thumb Code    30  llshl.o(.text)
    _ll_shift_l                              0x08008479   Thumb Code     0  llshl.o(.text)
    __aeabi_llsr                             0x08008497   Thumb Code    32  llushr.o(.text)
    _ll_ushift_r                             0x08008497   Thumb Code     0  llushr.o(.text)
    __0printf$5                              0x080084b9   Thumb Code    22  printf5.o(i.__0printf$5)
    __1printf$5                              0x080084b9   Thumb Code     0  printf5.o(i.__0printf$5)
    __2printf                                0x080084b9   Thumb Code     0  printf5.o(i.__0printf$5)
    __scatterload_copy                       0x080084d9   Thumb Code    14  handlers.o(i.__scatterload_copy)
    __scatterload_null                       0x080084e7   Thumb Code     2  handlers.o(i.__scatterload_null)
    __scatterload_zeroinit                   0x080084e9   Thumb Code    14  handlers.o(i.__scatterload_zeroinit)
    asc2_1206                                0x080087b8   Data        1140  lcd.o(.constdata)
    asc2_1608                                0x08008c2c   Data        1520  lcd.o(.constdata)
    Region$$Table$$Base                      0x0800921c   Number         0  anon$$obj.o(Region$$Table)
    Region$$Table$$Limit                     0x0800923c   Number         0  anon$$obj.o(Region$$Table)
    SystemCoreClock                          0x20000000   Data           4  system_stm32f10x.o(.data)
    AHBPrescTable                            0x20000004   Data          16  system_stm32f10x.o(.data)
    POINT_COLOR                              0x20000016   Data           2  lcd.o(.data)
    BACK_COLOR                               0x20000018   Data           2  lcd.o(.data)
    tpad_default_val                         0x2000001a   Data           2  tpad.o(.data)
    RmtSta                                   0x20000020   Data           1  remote.o(.data)
    RmtRec                                   0x20000024   Data           4  remote.o(.data)
    RmtCnt                                   0x20000028   Data           1  remote.o(.data)
    Dval                                     0x2000002a   Data           2  remote.o(.data)
    Systime_us                               0x2000002c   Data           4  delay.o(.data)
    Systime_sec                              0x20000030   Data           4  delay.o(.data)
    USART_RX_STA                             0x20000034   Data           2  usart.o(.data)
    __stdout                                 0x20000038   Data           4  usart.o(.data)
    lcddev                                   0x20000050   Data          14  lcd.o(.bss)
    USART_RX_BUF                             0x2000005e   Data         200  usart.o(.bss)
    __initial_sp                             0x20000528   Data           0  startup_stm32f10x_hd.o(STACK)



==============================================================================

Memory Map of the image

  Image Entry point : 0x08000131

  Load Region LR_IROM1 (Base: 0x08000000, Size: 0x0000928c, Max: 0x00080000, ABSOLUTE)

    Execution Region ER_IROM1 (Base: 0x08000000, Size: 0x0000923c, Max: 0x00080000, ABSOLUTE)

    Base Addr    Size         Type   Attr      Idx    E Section Name        Object

    0x08000000   0x00000130   Data   RO          617    RESET               startup_stm32f10x_hd.o
    0x08000130   0x00000000   Code   RO          900  * .ARM.Collect$$$$00000000  mc_w.l(entry.o)
    0x08000130   0x00000004   Code   RO         1164    .ARM.Collect$$$$00000001  mc_w.l(entry2.o)
    0x08000134   0x00000004   Code   RO         1167    .ARM.Collect$$$$00000004  mc_w.l(entry5.o)
    0x08000138   0x00000000   Code   RO         1169    .ARM.Collect$$$$00000008  mc_w.l(entry7b.o)
    0x08000138   0x00000008   Code   RO         1170    .ARM.Collect$$$$00000009  mc_w.l(entry8.o)
    0x08000140   0x00000004   Code   RO         1165    .ARM.Collect$$$$00002712  mc_w.l(entry2.o)
    0x08000144   0x000003b8   Code   RO            1    .text               main.o
    0x080004fc   0x00000018   Code   RO          164    .text               stm32f10x_it.o
    0x08000514   0x000001c8   Code   RO          262    .text               system_stm32f10x.o
    0x080006dc   0x0000004c   Code   RO          280    .text               led.o
    0x08000728   0x000000fc   Code   RO          324    .text               key.o
    0x08000824   0x00000060   Code   RO          344    .text               beep.o
    0x08000884   0x0000481a   Code   RO          359    .text               lcd.o
    0x0800509e   0x00000002   PAD
    0x080050a0   0x00000100   Code   RO          408    .text               tsensor.o
    0x080051a0   0x00000198   Code   RO          423    .text               dht11.o
    0x08005338   0x00000268   Code   RO          438    .text               tpad.o
    0x080055a0   0x000000cc   Code   RO          463    .text               ultrasonicwave.o
    0x0800566c   0x00000072   Code   RO          481    .text               timer.o
    0x080056de   0x00000002   PAD
    0x080056e0   0x00000094   Code   RO          493    .text               hongwai.o
    0x08005774   0x000000d0   Code   RO          505    .text               incline.o
    0x08005844   0x000000ec   Code   RO          517    .text               shake.o
    0x08005930   0x000002a8   Code   RO          529    .text               remote.o
    0x08005bd8   0x00000138   Code   RO          547    .text               delay.o
    0x08005d10   0x0000000c   Code   RO          569    .text               sys.o
    0x08005d1c   0x00000150   Code   RO          581    .text               usart.o
    0x08005e6c   0x00000024   Code   RO          618    .text               startup_stm32f10x_hd.o
    0x08005e90   0x000000dc   Code   RO          622    .text               misc.o
    0x08005f6c   0x00000358   Code   RO          634    .text               stm32f10x_gpio.o
    0x080062c4   0x0000039c   Code   RO          646    .text               stm32f10x_rcc.o
    0x08006660   0x00000408   Code   RO          660    .text               stm32f10x_usart.o
    0x08006a68   0x0000011c   Code   RO          672    .text               stm32f10x_exti.o
    0x08006b84   0x0000043c   Code   RO          684    .text               stm32f10x_adc.o
    0x08006fc0   0x00000618   Code   RO          792    .text               stm32f10x_fsmc.o
    0x080075d8   0x00000e1a   Code   RO          876    .text               stm32f10x_tim.o
    0x080083f2   0x00000062   Code   RO         1173    .text               mc_w.l(uldiv.o)
    0x08008454   0x00000024   Code   RO         1186    .text               mc_w.l(init.o)
    0x08008478   0x0000001e   Code   RO         1188    .text               mc_w.l(llshl.o)
    0x08008496   0x00000020   Code   RO         1190    .text               mc_w.l(llushr.o)
    0x080084b6   0x00000002   PAD
    0x080084b8   0x00000020   Code   RO         1036    i.__0printf$5       mc_w.l(printf5.o)
    0x080084d8   0x0000000e   Code   RO         1198    i.__scatterload_copy  mc_w.l(handlers.o)
    0x080084e6   0x00000002   Code   RO         1199    i.__scatterload_null  mc_w.l(handlers.o)
    0x080084e8   0x0000000e   Code   RO         1200    i.__scatterload_zeroinit  mc_w.l(handlers.o)
    0x080084f6   0x00000002   PAD
    0x080084f8   0x000002c0   Code   RO         1043    i._printf_core      mc_w.l(printf5.o)
    0x080087b8   0x00000a64   Data   RO          361    .constdata          lcd.o
    0x0800921c   0x00000020   Data   RO         1196    Region$$Table       anon$$obj.o


    Execution Region RW_IRAM1 (Base: 0x20000000, Size: 0x00000528, Max: 0x00010000, ABSOLUTE)

    Base Addr    Size         Type   Attr      Idx    E Section Name        Object

    0x20000000   0x00000014   Data   RW          263    .data               system_stm32f10x.o
    0x20000014   0x00000001   Data   RW          325    .data               key.o
    0x20000015   0x00000001   PAD
    0x20000016   0x00000004   Data   RW          362    .data               lcd.o
    0x2000001a   0x00000003   Data   RW          439    .data               tpad.o
    0x2000001d   0x00000003   PAD
    0x20000020   0x0000000c   Data   RW          530    .data               remote.o
    0x2000002c   0x00000008   Data   RW          548    .data               delay.o
    0x20000034   0x00000008   Data   RW          583    .data               usart.o
    0x2000003c   0x00000014   Data   RW          647    .data               stm32f10x_rcc.o
    0x20000050   0x0000000e   Zero   RW          360    .bss                lcd.o
    0x2000005e   0x000000c8   Zero   RW          582    .bss                usart.o
    0x20000126   0x00000002   PAD
    0x20000128   0x00000400   Zero   RW          615    STACK               startup_stm32f10x_hd.o


==============================================================================

Image component sizes


      Code (inc. data)   RO Data    RW Data    ZI Data      Debug   Object Name

        96         14          0          0          0        574   beep.o
         0          0          0          0          0         32   core_cm3.o
       312         26          0          8          0      16584   delay.o
       408         16          0          0          0       2050   dht11.o
       148         10          0          0          0        724   hongwai.o
       208         24          0          0          0        732   incline.o
       252         12          0          1          0        800   key.o
     18458        144       2660          4         14      21727   lcd.o
        76          8          0          0          0     216331   led.o
       952        130          0          0          0     208991   main.o
       220         20          0          0          0       1737   misc.o
       680         30          0         12          0       1518   remote.o
       236         30          0          0          0        726   shake.o
        36          8        304          0       1024        748   startup_stm32f10x_hd.o
      1084         26          0          0          0      10745   stm32f10x_adc.o
       284         10          0          0          0       2167   stm32f10x_exti.o
      1560         54          0          0          0       5279   stm32f10x_fsmc.o
       856         40          0          0          0       5581   stm32f10x_gpio.o
        24          0          0          0          0      52334   stm32f10x_it.o
       924         44          0         20          0       8716   stm32f10x_rcc.o
      3610         88          0          0          0      22064   stm32f10x_tim.o
      1032         22          0          0          0       8308   stm32f10x_usart.o
        12          0          0          0          0        421   sys.o
       456         36          0         20          0       1651   system_stm32f10x.o
       114          0          0          0          0        726   timer.o
       616         48          0          3          0       2135   tpad.o
       256          4          0          0          0       1232   tsensor.o
       204         14          0          0          0        948   ultrasonicwave.o
       336         18          0          8        200       3050   usart.o

    ----------------------------------------------------------------------
     33454        876       2996         80       1240     598631   Object Totals
         0          0         32          0          0          0   (incl. Generated)
         4          0          0          4          2          0   (incl. Padding)

    ----------------------------------------------------------------------

      Code (inc. data)   RO Data    RW Data    ZI Data      Debug   Library Member Name

         0          0          0          0          0          0   entry.o
         8          4          0          0          0          0   entry2.o
         4          0          0          0          0          0   entry5.o
         0          0          0          0          0          0   entry7b.o
         8          4          0          0          0          0   entry8.o
        30          0          0          0          0          0   handlers.o
        36          8          0          0          0         68   init.o
        30          0          0          0          0         68   llshl.o
        32          0          0          0          0         68   llushr.o
       736         54          0          0          0        184   printf5.o
        98          0          0          0          0         92   uldiv.o

    ----------------------------------------------------------------------
       986         70          0          0          0        480   Library Totals
         4          0          0          0          0          0   (incl. Padding)

    ----------------------------------------------------------------------

      Code (inc. data)   RO Data    RW Data    ZI Data      Debug   Library Name

       982         70          0          0          0        480   mc_w.l

    ----------------------------------------------------------------------
       986         70          0          0          0        480   Library Totals

    ----------------------------------------------------------------------

==============================================================================


      Code (inc. data)   RO Data    RW Data    ZI Data      Debug   

     34440        946       2996         80       1240     596511   Grand Totals
     34440        946       2996         80       1240     596511   ELF Image Totals
     34440        946       2996         80          0          0   ROM Totals

==============================================================================

    Total RO  Size (Code + RO Data)                37436 (  36.56kB)
    Total RW  Size (RW Data + ZI Data)              1320 (   1.29kB)
    Total ROM Size (Code + RO Data + RW Data)      37516 (  36.64kB)

==============================================================================

